{
  "Entries": [
    {
      "RequestUri": "https://fakeendpoint.table.core.windows.net/Tables",
      "RequestMethod": "POST",
      "RequestHeaders": {
        "Accept": "application/json;odata=minimalmetadata",
        "Accept-Encoding": "gzip, deflate",
        "Authorization": "Sanitized",
        "Connection": "keep-alive",
        "Content-Length": "32",
        "Content-Type": "application/json;odata=nometadata",
        "DataServiceVersion": "3.0",
        "Date": "Wed, 29 Sep 2021 20:25:26 GMT",
        "User-Agent": "azsdk-python-data-tables/12.1.1 Python/3.8.5 (Windows-10-10.0.19041-SP0)",
        "x-ms-client-request-id": "61ce0f00-2163-11ec-8c5a-5cf370a43880",
        "x-ms-date": "Wed, 29 Sep 2021 20:25:26 GMT",
        "x-ms-version": "2019-02-02"
      },
      "RequestBody": "{\u0022TableName\u0022: \u0022uttable3faa2ab2\u0022}",
      "StatusCode": 201,
      "ResponseHeaders": {
        "Cache-Control": "no-cache",
        "Content-Type": "application/json; odata=minimalmetadata; streaming=true; charset=utf-8",
        "Date": "Wed, 29 Sep 2021 20:25:27 GMT",
        "Location": "https://scbeddtablesprim.table.core.windows.net/Tables(\u0027uttable3faa2ab2\u0027)",
        "Server": [
          "Windows-Azure-Table/1.0",
          "Microsoft-HTTPAPI/2.0"
        ],
        "Transfer-Encoding": "chunked",
        "X-Content-Type-Options": "nosniff",
        "x-ms-client-request-id": "61ce0f00-2163-11ec-8c5a-5cf370a43880",
        "x-ms-request-id": "42ca7303-8002-0094-7670-b51470000000",
        "x-ms-version": "2019-02-02"
      },
      "ResponseBody": {
        "odata.metadata": "https://scbeddtablesprim.table.core.windows.net/$metadata#Tables/@Element",
        "TableName": "uttable3faa2ab2"
      }
    },
    {
      "RequestUri": "https://fakeendpoint.table.core.windows.net/uttable3faa2ab2",
      "RequestMethod": "POST",
      "RequestHeaders": {
        "Accept": "application/json;odata=minimalmetadata",
        "Accept-Encoding": "gzip, deflate",
        "Authorization": "Sanitized",
        "Connection": "keep-alive",
        "Content-Length": "215",
        "Content-Type": "application/json;odata=nometadata",
        "DataServiceVersion": "3.0",
        "Date": "Wed, 29 Sep 2021 20:25:26 GMT",
        "User-Agent": "azsdk-python-data-tables/12.1.1 Python/3.8.5 (Windows-10-10.0.19041-SP0)",
        "x-ms-client-request-id": "61d56908-2163-11ec-92cb-5cf370a43880",
        "x-ms-date": "Wed, 29 Sep 2021 20:25:26 GMT",
        "x-ms-version": "2019-02-02"
      },
      "RequestBody": "{\u0022PartitionKey\u0022: \u0022pk3faa2ab2\u0022, \u0022PartitionKey@odata.type\u0022: \u0022Edm.String\u0022, \u0022RowKey\u0022: \u0022rk3faa2ab2\u0022, \u0022RowKey@odata.type\u0022: \u0022Edm.String\u0022, \u0022datetime1\u0022: \u00222013-08-22T01:12:06.2608595Z\u0022, \u0022datetime1@odata.type\u0022: \u0022Edm.DateTime\u0022}",
      "StatusCode": 201,
      "ResponseHeaders": {
        "Cache-Control": "no-cache",
        "Content-Type": "application/json; odata=minimalmetadata; streaming=true; charset=utf-8",
        "Date": "Wed, 29 Sep 2021 20:25:27 GMT",
        "ETag": "W/\u0022datetime\u00272021-09-29T20%3A25%3A27.70489Z\u0027\u0022",
        "Location": "https://scbeddtablesprim.table.core.windows.net/uttable3faa2ab2(PartitionKey=\u0027pk3faa2ab2\u0027,RowKey=\u0027rk3faa2ab2\u0027)",
        "Server": [
          "Windows-Azure-Table/1.0",
          "Microsoft-HTTPAPI/2.0"
        ],
        "Transfer-Encoding": "chunked",
        "X-Content-Type-Options": "nosniff",
        "x-ms-client-request-id": "61d56908-2163-11ec-92cb-5cf370a43880",
        "x-ms-request-id": "42ca7307-8002-0094-7970-b51470000000",
        "x-ms-version": "2019-02-02"
      },
      "ResponseBody": {
        "odata.metadata": "https://scbeddtablesprim.table.core.windows.net/$metadata#uttable3faa2ab2/@Element",
        "odata.etag": "W/\u0022datetime\u00272021-09-29T20%3A25%3A27.70489Z\u0027\u0022",
        "PartitionKey": "pk3faa2ab2",
        "RowKey": "rk3faa2ab2",
        "Timestamp": "2021-09-29T20:25:27.70489Z",
        "datetime1@odata.type": "Edm.DateTime",
        "datetime1": "2013-08-22T01:12:06.2608595Z"
      }
    },
    {
      "RequestUri": "https://fakeendpoint.table.core.windows.net/uttable3faa2ab2(PartitionKey=\u0027pk3faa2ab2\u0027,RowKey=\u0027rk3faa2ab2\u0027)",
      "RequestMethod": "GET",
      "RequestHeaders": {
        "Accept": "application/json;odata=minimalmetadata",
        "Accept-Encoding": "gzip, deflate",
        "Authorization": "Sanitized",
        "Connection": "keep-alive",
        "DataServiceVersion": "3.0",
        "Date": "Wed, 29 Sep 2021 20:25:26 GMT",
        "User-Agent": "azsdk-python-data-tables/12.1.1 Python/3.8.5 (Windows-10-10.0.19041-SP0)",
        "x-ms-client-request-id": "61d9708a-2163-11ec-8401-5cf370a43880",
        "x-ms-date": "Wed, 29 Sep 2021 20:25:26 GMT",
        "x-ms-version": "2019-02-02"
      },
      "RequestBody": null,
      "StatusCode": 200,
      "ResponseHeaders": {
        "Cache-Control": "no-cache",
        "Content-Type": "application/json; odata=minimalmetadata; streaming=true; charset=utf-8",
        "Date": "Wed, 29 Sep 2021 20:25:27 GMT",
        "ETag": "W/\u0022datetime\u00272021-09-29T20%3A25%3A27.70489Z\u0027\u0022",
        "Server": [
          "Windows-Azure-Table/1.0",
          "Microsoft-HTTPAPI/2.0"
        ],
        "Transfer-Encoding": "chunked",
        "X-Content-Type-Options": "nosniff",
        "x-ms-client-request-id": "61d9708a-2163-11ec-8401-5cf370a43880",
        "x-ms-request-id": "42ca730f-8002-0094-7f70-b51470000000",
        "x-ms-version": "2019-02-02"
      },
      "ResponseBody": {
        "odata.metadata": "https://scbeddtablesprim.table.core.windows.net/$metadata#uttable3faa2ab2/@Element",
        "odata.etag": "W/\u0022datetime\u00272021-09-29T20%3A25%3A27.70489Z\u0027\u0022",
        "PartitionKey": "pk3faa2ab2",
        "RowKey": "rk3faa2ab2",
        "Timestamp": "2021-09-29T20:25:27.70489Z",
        "datetime1@odata.type": "Edm.DateTime",
        "datetime1": "2013-08-22T01:12:06.2608595Z"
      }
    },
    {
      "RequestUri": "https://fakeendpoint.table.core.windows.net/uttable3faa2ab2(PartitionKey=\u0027pk3faa2ab2\u0027,RowKey=\u0027rk3faa2ab2\u0027)",
      "RequestMethod": "PATCH",
      "RequestHeaders": {
        "Accept": "application/json",
        "Accept-Encoding": "gzip, deflate",
        "Authorization": "Sanitized",
        "Connection": "keep-alive",
        "Content-Length": "299",
        "Content-Type": "application/json",
        "DataServiceVersion": "3.0",
        "Date": "Wed, 29 Sep 2021 20:25:26 GMT",
        "If-Match": "*",
        "User-Agent": "azsdk-python-data-tables/12.1.1 Python/3.8.5 (Windows-10-10.0.19041-SP0)",
        "x-ms-client-request-id": "61dcbd8d-2163-11ec-896c-5cf370a43880",
        "x-ms-date": "Wed, 29 Sep 2021 20:25:26 GMT",
        "x-ms-version": "2019-02-02"
      },
      "RequestBody": "{\u0022PartitionKey\u0022: \u0022pk3faa2ab2\u0022, \u0022PartitionKey@odata.type\u0022: \u0022Edm.String\u0022, \u0022RowKey\u0022: \u0022rk3faa2ab2\u0022, \u0022RowKey@odata.type\u0022: \u0022Edm.String\u0022, \u0022datetime1\u0022: \u00222013-08-22T01:12:06.2608595Z\u0022, \u0022datetime1@odata.type\u0022: \u0022Edm.DateTime\u0022, \u0022datetime2\u0022: \u00222020-08-22T01:12:06.260859Z\u0022, \u0022datetime2@odata.type\u0022: \u0022Edm.DateTime\u0022}",
      "StatusCode": 204,
      "ResponseHeaders": {
        "Cache-Control": "no-cache",
        "Content-Length": "0",
        "Date": "Wed, 29 Sep 2021 20:25:27 GMT",
        "ETag": "W/\u0022datetime\u00272021-09-29T20%3A25%3A27.8038524Z\u0027\u0022",
        "Server": [
          "Windows-Azure-Table/1.0",
          "Microsoft-HTTPAPI/2.0"
        ],
        "X-Content-Type-Options": "nosniff",
        "x-ms-client-request-id": "61dcbd8d-2163-11ec-896c-5cf370a43880",
        "x-ms-request-id": "42ca731c-8002-0094-0b70-b51470000000",
        "x-ms-version": "2019-02-02"
      },
      "ResponseBody": null
    },
    {
      "RequestUri": "https://fakeendpoint.table.core.windows.net/uttable3faa2ab2(PartitionKey=\u0027pk3faa2ab2\u0027,RowKey=\u0027rk3faa2ab2\u0027)",
      "RequestMethod": "GET",
      "RequestHeaders": {
        "Accept": "application/json;odata=minimalmetadata",
        "Accept-Encoding": "gzip, deflate",
        "Authorization": "Sanitized",
        "Connection": "keep-alive",
        "DataServiceVersion": "3.0",
        "Date": "Wed, 29 Sep 2021 20:25:26 GMT",
        "User-Agent": "azsdk-python-data-tables/12.1.1 Python/3.8.5 (Windows-10-10.0.19041-SP0)",
        "x-ms-client-request-id": "61e818e5-2163-11ec-be4c-5cf370a43880",
        "x-ms-date": "Wed, 29 Sep 2021 20:25:26 GMT",
        "x-ms-version": "2019-02-02"
      },
      "RequestBody": null,
      "StatusCode": 200,
      "ResponseHeaders": {
        "Cache-Control": "no-cache",
        "Content-Type": "application/json; odata=minimalmetadata; streaming=true; charset=utf-8",
        "Date": "Wed, 29 Sep 2021 20:25:27 GMT",
        "ETag": "W/\u0022datetime\u00272021-09-29T20%3A25%3A27.8038524Z\u0027\u0022",
        "Server": [
          "Windows-Azure-Table/1.0",
          "Microsoft-HTTPAPI/2.0"
        ],
        "Transfer-Encoding": "chunked",
        "X-Content-Type-Options": "nosniff",
        "x-ms-client-request-id": "61e818e5-2163-11ec-be4c-5cf370a43880",
        "x-ms-request-id": "42ca7322-8002-0094-1170-b51470000000",
        "x-ms-version": "2019-02-02"
      },
      "ResponseBody": {
        "odata.metadata": "https://scbeddtablesprim.table.core.windows.net/$metadata#uttable3faa2ab2/@Element",
        "odata.etag": "W/\u0022datetime\u00272021-09-29T20%3A25%3A27.8038524Z\u0027\u0022",
        "PartitionKey": "pk3faa2ab2",
        "RowKey": "rk3faa2ab2",
        "Timestamp": "2021-09-29T20:25:27.8038524Z",
        "datetime1@odata.type": "Edm.DateTime",
        "datetime1": "2013-08-22T01:12:06.2608595Z",
        "datetime2@odata.type": "Edm.DateTime",
        "datetime2": "2020-08-22T01:12:06.260859Z"
      }
    },
    {
      "RequestUri": "https://fakeendpoint.table.core.windows.net/Tables",
      "RequestMethod": "GET",
      "RequestHeaders": {
        "Accept": "application/json;odata=minimalmetadata",
        "Accept-Encoding": "gzip, deflate",
        "Authorization": "Sanitized",
        "Connection": "keep-alive",
        "DataServiceVersion": "3.0",
        "Date": "Wed, 29 Sep 2021 20:25:26 GMT",
        "User-Agent": "azsdk-python-data-tables/12.1.1 Python/3.8.5 (Windows-10-10.0.19041-SP0)",
        "x-ms-client-request-id": "61ebf9d6-2163-11ec-b52e-5cf370a43880",
        "x-ms-date": "Wed, 29 Sep 2021 20:25:26 GMT",
        "x-ms-version": "2019-02-02"
      },
      "RequestBody": null,
      "StatusCode": 200,
      "ResponseHeaders": {
        "Cache-Control": "no-cache",
        "Content-Type": "application/json; odata=minimalmetadata; streaming=true; charset=utf-8",
        "Date": "Wed, 29 Sep 2021 20:25:27 GMT",
        "Server": [
          "Windows-Azure-Table/1.0",
          "Microsoft-HTTPAPI/2.0"
        ],
        "Transfer-Encoding": "chunked",
        "X-Content-Type-Options": "nosniff",
        "x-ms-client-request-id": "61ebf9d6-2163-11ec-b52e-5cf370a43880",
        "x-ms-request-id": "42ca7327-8002-0094-1570-b51470000000",
        "x-ms-version": "2019-02-02"
      },
      "ResponseBody": {
        "odata.metadata": "https://scbeddtablesprim.table.core.windows.net/$metadata#Tables",
        "value": [
          {
            "TableName": "uttable3faa2ab2"
          }
        ]
      }
    },
    {
      "RequestUri": "https://fakeendpoint.table.core.windows.net/Tables(\u0027uttable3faa2ab2\u0027)",
      "RequestMethod": "DELETE",
      "RequestHeaders": {
        "Accept": "application/json",
        "Accept-Encoding": "gzip, deflate",
        "Authorization": "Sanitized",
        "Connection": "keep-alive",
        "Content-Length": "0",
        "Date": "Wed, 29 Sep 2021 20:25:27 GMT",
        "User-Agent": "azsdk-python-data-tables/12.1.1 Python/3.8.5 (Windows-10-10.0.19041-SP0)",
        "x-ms-client-request-id": "61effbd5-2163-11ec-a3f4-5cf370a43880",
        "x-ms-date": "Wed, 29 Sep 2021 20:25:27 GMT",
        "x-ms-version": "2019-02-02"
      },
      "RequestBody": null,
      "StatusCode": 204,
      "ResponseHeaders": {
        "Cache-Control": "no-cache",
        "Content-Length": "0",
        "Date": "Wed, 29 Sep 2021 20:25:27 GMT",
        "Server": [
          "Windows-Azure-Table/1.0",
          "Microsoft-HTTPAPI/2.0"
        ],
        "X-Content-Type-Options": "nosniff",
        "x-ms-client-request-id": "61effbd5-2163-11ec-a3f4-5cf370a43880",
        "x-ms-request-id": "42ca732b-8002-0094-1870-b51470000000",
        "x-ms-version": "2019-02-02"
      },
      "ResponseBody": null
    }
  ],
  "Variables": {}
}
