{
  "Entries": [
    {
      "RequestUri": "https://scbeddtablesprim.table.cosmos.azure.com/Tables",
      "RequestMethod": "POST",
      "RequestHeaders": {
        "Accept": "application/json;odata=minimalmetadata",
        "Accept-Encoding": "gzip, deflate",
        "Authorization": "Sanitized",
        "Content-Length": "32",
        "Content-Type": "application/json;odata=nometadata",
        "DataServiceVersion": "3.0",
        "Date": "Wed, 29 Sep 2021 20:43:08 GMT",
        "User-Agent": "azsdk-python-data-tables/12.1.1 Python/3.8.5 (Windows-10-10.0.19041-SP0)",
        "x-ms-client-request-id": "daa02929-2165-11ec-a320-5cf370a43880",
        "x-ms-date": "Wed, 29 Sep 2021 20:43:08 GMT",
        "x-ms-version": "2019-02-02"
      },
      "RequestBody": "{\u0022TableName\u0022: \u0022uttable35e1433a\u0022}",
      "StatusCode": 201,
      "ResponseHeaders": {
        "Content-Type": "application/json; odata=minimalmetadata",
        "Date": "Wed, 29 Sep 2021 20:43:09 GMT",
        "ETag": "W/\u0022datetime\u00272021-09-29T20%3A43%3A09.6393736Z\u0027\u0022",
        "Location": "https://scbeddtablesprim.table.cosmos.azure.com/Tables(\u0027uttable35e1433a\u0027)",
        "Transfer-Encoding": "chunked",
        "x-ms-request-id": "c900daf1-9324-43c6-88ba-193d79741286"
      },
      "ResponseBody": {
        "TableName": "uttable35e1433a",
        "odata.metadata": "https://scbeddtablesprim.table.cosmos.azure.com/$metadata#Tables/@Element"
      }
    },
    {
      "RequestUri": "https://scbeddtablesprim.table.cosmos.azure.com/uttable35e1433a",
      "RequestMethod": "POST",
      "RequestHeaders": {
        "Accept": "application/json;odata=minimalmetadata",
        "Accept-Encoding": "gzip, deflate",
        "Authorization": "Sanitized",
        "Content-Length": "703",
        "Content-Type": "application/json;odata=nometadata",
        "DataServiceVersion": "3.0",
        "Date": "Wed, 29 Sep 2021 20:43:09 GMT",
        "User-Agent": "azsdk-python-data-tables/12.1.1 Python/3.8.5 (Windows-10-10.0.19041-SP0)",
        "x-ms-client-request-id": "db25ec1c-2165-11ec-ad21-5cf370a43880",
        "x-ms-date": "Wed, 29 Sep 2021 20:43:09 GMT",
        "x-ms-version": "2019-02-02"
      },
      "RequestBody": "{\u0022PartitionKey\u0022: \u0022a\u0027\u0027\u0027\u0027b\u0022, \u0022PartitionKey@odata.type\u0022: \u0022Edm.String\u0022, \u0022RowKey\u0022: \u0022a\u0027\u0027\u0027\u0027b\u0022, \u0022RowKey@odata.type\u0022: \u0022Edm.String\u0022, \u0022age\u0022: 39, \u0022sex\u0022: \u0022male\u0022, \u0022sex@odata.type\u0022: \u0022Edm.String\u0022, \u0022married\u0022: true, \u0022deceased\u0022: false, \u0022ratio\u0022: 3.1, \u0022ratio@odata.type\u0022: \u0022Edm.Double\u0022, \u0022evenratio\u0022: 3.0, \u0022evenratio@odata.type\u0022: \u0022Edm.Double\u0022, \u0022double\u0022: 5, \u0022double@odata.type\u0022: \u0022Edm.Double\u0022, \u0022large\u0022: 933311100, \u0022Birthday\u0022: \u00221973-10-04T00:00:00.000000Z\u0022, \u0022Birthday@odata.type\u0022: \u0022Edm.DateTime\u0022, \u0022birthday\u0022: \u00221970-10-04T00:00:00.000000Z\u0022, \u0022birthday@odata.type\u0022: \u0022Edm.DateTime\u0022, \u0022binary\u0022: \u0022YmluYXJ5\u0022, \u0022binary@odata.type\u0022: \u0022Edm.Binary\u0022, \u0022other\u0022: 20, \u0022clsid\u0022: \u0022c9da6455-213d-42c9-9a79-3e9149a57833\u0022, \u0022clsid@odata.type\u0022: \u0022Edm.Guid\u0022}",
      "StatusCode": 201,
      "ResponseHeaders": {
        "Content-Type": "application/json; odata=minimalmetadata",
        "Date": "Wed, 29 Sep 2021 20:43:09 GMT",
        "ETag": "W/\u0022datetime\u00272021-09-29T20%3A43%3A10.2494728Z\u0027\u0022",
        "Location": "https://scbeddtablesprim.table.cosmos.azure.com/uttable35e1433a(PartitionKey=\u0027a\u0027\u0027\u0027\u0027\u0027\u0027\u0027\u0027b\u0027,RowKey=\u0027a\u0027\u0027\u0027\u0027\u0027\u0027\u0027\u0027b\u0027)",
        "Transfer-Encoding": "chunked",
        "x-ms-request-id": "5db3f0b1-08ea-47db-a94c-8d22ff6cdf62"
      },
      "ResponseBody": {
        "odata.metadata": "https://scbeddtablesprim.table.cosmos.azure.com/uttable35e1433a/$metadata#uttable35e1433a/@Element",
        "odata.etag": "W/\u0022datetime\u00272021-09-29T20%3A43%3A10.2494728Z\u0027\u0022",
        "PartitionKey": "a\u0027\u0027\u0027\u0027b",
        "RowKey": "a\u0027\u0027\u0027\u0027b",
        "age": 39,
        "sex": "male",
        "married": true,
        "deceased": false,
        "ratio": 3.1,
        "evenratio": 3.0,
        "double": 5.0,
        "large": 933311100,
        "Birthday@odata.type": "Edm.DateTime",
        "Birthday": "1973-10-04T00:00:00.0000000Z",
        "birthday@odata.type": "Edm.DateTime",
        "birthday": "1970-10-04T00:00:00.0000000Z",
        "binary@odata.type": "Edm.Binary",
        "binary": "YmluYXJ5",
        "other": 20,
        "clsid@odata.type": "Edm.Guid",
        "clsid": "c9da6455-213d-42c9-9a79-3e9149a57833",
        "Timestamp": "2021-09-29T20:43:10.2494728Z"
      }
    },
    {
      "RequestUri": "https://scbeddtablesprim.table.cosmos.azure.com/uttable35e1433a(PartitionKey=\u0027a\u0027\u0027\u0027\u0027\u0027\u0027\u0027\u0027b\u0027,RowKey=\u0027a\u0027\u0027\u0027\u0027\u0027\u0027\u0027\u0027b\u0027)",
      "RequestMethod": "PUT",
      "RequestHeaders": {
        "Accept": "application/json",
        "Accept-Encoding": "gzip, deflate",
        "Authorization": "Sanitized",
        "Content-Length": "352",
        "Content-Type": "application/json",
        "DataServiceVersion": "3.0",
        "Date": "Wed, 29 Sep 2021 20:43:09 GMT",
        "User-Agent": "azsdk-python-data-tables/12.1.1 Python/3.8.5 (Windows-10-10.0.19041-SP0)",
        "x-ms-client-request-id": "db2d0ffd-2165-11ec-af4f-5cf370a43880",
        "x-ms-date": "Wed, 29 Sep 2021 20:43:09 GMT",
        "x-ms-version": "2019-02-02"
      },
      "RequestBody": "{\u0022PartitionKey\u0022: \u0022a\u0027\u0027\u0027\u0027b\u0022, \u0022PartitionKey@odata.type\u0022: \u0022Edm.String\u0022, \u0022RowKey\u0022: \u0022a\u0027\u0027\u0027\u0027b\u0022, \u0022RowKey@odata.type\u0022: \u0022Edm.String\u0022, \u0022age\u0022: \u0022abc\u0022, \u0022age@odata.type\u0022: \u0022Edm.String\u0022, \u0022sex\u0022: \u0022female\u0022, \u0022sex@odata.type\u0022: \u0022Edm.String\u0022, \u0022sign\u0022: \u0022aquarius\u0022, \u0022sign@odata.type\u0022: \u0022Edm.String\u0022, \u0022birthday\u0022: \u00221991-10-04T00:00:00.000000Z\u0022, \u0022birthday@odata.type\u0022: \u0022Edm.DateTime\u0022}",
      "StatusCode": 204,
      "ResponseHeaders": {
        "Content-Type": "application/json",
        "Date": "Wed, 29 Sep 2021 20:43:09 GMT",
        "ETag": "W/\u0022datetime\u00272021-09-29T20%3A43%3A10.2763016Z\u0027\u0022",
        "x-ms-request-id": "17d8fa68-4a58-48cd-a9b2-6c3058a9c8fa"
      },
      "ResponseBody": null
    },
    {
      "RequestUri": "https://scbeddtablesprim.table.cosmos.azure.com/uttable35e1433a(PartitionKey=\u0027a\u0027\u0027\u0027\u0027\u0027\u0027\u0027\u0027b\u0027,RowKey=\u0027a\u0027\u0027\u0027\u0027\u0027\u0027\u0027\u0027b\u0027)",
      "RequestMethod": "GET",
      "RequestHeaders": {
        "Accept": "application/json;odata=minimalmetadata",
        "Accept-Encoding": "gzip, deflate",
        "Authorization": "Sanitized",
        "DataServiceVersion": "3.0",
        "Date": "Wed, 29 Sep 2021 20:43:09 GMT",
        "User-Agent": "azsdk-python-data-tables/12.1.1 Python/3.8.5 (Windows-10-10.0.19041-SP0)",
        "x-ms-client-request-id": "db30d3db-2165-11ec-aacd-5cf370a43880",
        "x-ms-date": "Wed, 29 Sep 2021 20:43:09 GMT",
        "x-ms-version": "2019-02-02"
      },
      "RequestBody": null,
      "StatusCode": 200,
      "ResponseHeaders": {
        "Content-Type": "application/json; odata=minimalmetadata",
        "Date": "Wed, 29 Sep 2021 20:43:09 GMT",
        "ETag": "W/\u0022datetime\u00272021-09-29T20%3A43%3A10.2763016Z\u0027\u0022",
        "Transfer-Encoding": "chunked",
        "x-ms-request-id": "ec18bdd4-2877-4625-aa35-6903e356d62c"
      },
      "ResponseBody": {
        "odata.metadata": "https://scbeddtablesprim.table.cosmos.azure.com/uttable35e1433a/$metadata#uttable35e1433a/@Element",
        "odata.etag": "W/\u0022datetime\u00272021-09-29T20%3A43%3A10.2763016Z\u0027\u0022",
        "PartitionKey": "a\u0027\u0027\u0027\u0027b",
        "RowKey": "a\u0027\u0027\u0027\u0027b",
        "age": "abc",
        "sex": "female",
        "sign": "aquarius",
        "birthday@odata.type": "Edm.DateTime",
        "birthday": "1991-10-04T00:00:00.0000000Z",
        "Timestamp": "2021-09-29T20:43:10.2763016Z"
      }
    },
    {
      "RequestUri": "https://scbeddtablesprim.table.cosmos.azure.com/uttable35e1433a(PartitionKey=\u0027a\u0027\u0027\u0027\u0027\u0027\u0027\u0027\u0027b\u0027,RowKey=\u0027a\u0027\u0027\u0027\u0027\u0027\u0027\u0027\u0027b\u0027)",
      "RequestMethod": "PUT",
      "RequestHeaders": {
        "Accept": "application/json",
        "Accept-Encoding": "gzip, deflate",
        "Authorization": "Sanitized",
        "Content-Length": "418",
        "Content-Type": "application/json",
        "DataServiceVersion": "3.0",
        "Date": "Wed, 29 Sep 2021 20:43:09 GMT",
        "If-Match": "*",
        "User-Agent": "azsdk-python-data-tables/12.1.1 Python/3.8.5 (Windows-10-10.0.19041-SP0)",
        "x-ms-client-request-id": "db340080-2165-11ec-b0dc-5cf370a43880",
        "x-ms-date": "Wed, 29 Sep 2021 20:43:09 GMT",
        "x-ms-version": "2019-02-02"
      },
      "RequestBody": "{\u0022PartitionKey\u0022: \u0022a\u0027\u0027\u0027\u0027b\u0022, \u0022PartitionKey@odata.type\u0022: \u0022Edm.String\u0022, \u0022RowKey\u0022: \u0022a\u0027\u0027\u0027\u0027b\u0022, \u0022RowKey@odata.type\u0022: \u0022Edm.String\u0022, \u0022age\u0022: \u0022abc\u0022, \u0022age@odata.type\u0022: \u0022Edm.String\u0022, \u0022sex\u0022: \u0022female\u0022, \u0022sex@odata.type\u0022: \u0022Edm.String\u0022, \u0022sign\u0022: \u0022aquarius\u0022, \u0022sign@odata.type\u0022: \u0022Edm.String\u0022, \u0022birthday\u0022: \u00221991-10-04T00:00:00.000000Z\u0022, \u0022birthday@odata.type\u0022: \u0022Edm.DateTime\u0022, \u0022newField\u0022: \u0022newFieldValue\u0022, \u0022newField@odata.type\u0022: \u0022Edm.String\u0022}",
      "StatusCode": 204,
      "ResponseHeaders": {
        "Date": "Wed, 29 Sep 2021 20:43:09 GMT",
        "ETag": "W/\u0022datetime\u00272021-09-29T20%3A43%3A10.3214600Z\u0027\u0022",
        "x-ms-request-id": "25f76fd4-aa6e-402b-8a55-d13bc2d31ee8"
      },
      "ResponseBody": null
    },
    {
      "RequestUri": "https://scbeddtablesprim.table.cosmos.azure.com/uttable35e1433a(PartitionKey=\u0027a\u0027\u0027\u0027\u0027\u0027\u0027\u0027\u0027b\u0027,RowKey=\u0027a\u0027\u0027\u0027\u0027\u0027\u0027\u0027\u0027b\u0027)",
      "RequestMethod": "GET",
      "RequestHeaders": {
        "Accept": "application/json;odata=minimalmetadata",
        "Accept-Encoding": "gzip, deflate",
        "Authorization": "Sanitized",
        "DataServiceVersion": "3.0",
        "Date": "Wed, 29 Sep 2021 20:43:09 GMT",
        "User-Agent": "azsdk-python-data-tables/12.1.1 Python/3.8.5 (Windows-10-10.0.19041-SP0)",
        "x-ms-client-request-id": "db37c79a-2165-11ec-b00f-5cf370a43880",
        "x-ms-date": "Wed, 29 Sep 2021 20:43:09 GMT",
        "x-ms-version": "2019-02-02"
      },
      "RequestBody": null,
      "StatusCode": 200,
      "ResponseHeaders": {
        "Content-Type": "application/json; odata=minimalmetadata",
        "Date": "Wed, 29 Sep 2021 20:43:09 GMT",
        "ETag": "W/\u0022datetime\u00272021-09-29T20%3A43%3A10.3214600Z\u0027\u0022",
        "Transfer-Encoding": "chunked",
        "x-ms-request-id": "810aad5c-3225-4d54-9536-d8ef594a0056"
      },
      "ResponseBody": {
        "odata.metadata": "https://scbeddtablesprim.table.cosmos.azure.com/uttable35e1433a/$metadata#uttable35e1433a/@Element",
        "odata.etag": "W/\u0022datetime\u00272021-09-29T20%3A43%3A10.3214600Z\u0027\u0022",
        "PartitionKey": "a\u0027\u0027\u0027\u0027b",
        "RowKey": "a\u0027\u0027\u0027\u0027b",
        "age": "abc",
        "sex": "female",
        "sign": "aquarius",
        "birthday@odata.type": "Edm.DateTime",
        "birthday": "1991-10-04T00:00:00.0000000Z",
        "newField": "newFieldValue",
        "Timestamp": "2021-09-29T20:43:10.3214600Z"
      }
    },
    {
      "RequestUri": "https://scbeddtablesprim.table.cosmos.azure.com/uttable35e1433a(PartitionKey=\u0027a\u0027\u0027\u0027\u0027\u0027\u0027\u0027\u0027b\u0027,RowKey=\u0027a\u0027\u0027\u0027\u0027\u0027\u0027\u0027\u0027b\u0027)",
      "RequestMethod": "DELETE",
      "RequestHeaders": {
        "Accept": "application/json;odata=minimalmetadata",
        "Accept-Encoding": "gzip, deflate",
        "Authorization": "Sanitized",
        "Content-Length": "0",
        "DataServiceVersion": "3.0",
        "Date": "Wed, 29 Sep 2021 20:43:09 GMT",
        "If-Match": "*",
        "User-Agent": "azsdk-python-data-tables/12.1.1 Python/3.8.5 (Windows-10-10.0.19041-SP0)",
        "x-ms-client-request-id": "db3ae6bb-2165-11ec-a3d2-5cf370a43880",
        "x-ms-date": "Wed, 29 Sep 2021 20:43:09 GMT",
        "x-ms-version": "2019-02-02"
      },
      "RequestBody": null,
      "StatusCode": 204,
      "ResponseHeaders": {
        "Date": "Wed, 29 Sep 2021 20:43:09 GMT",
        "x-ms-request-id": "7f475cf9-b464-4111-bd87-62717ab7538e"
      },
      "ResponseBody": null
    },
    {
      "RequestUri": "https://scbeddtablesprim.table.cosmos.azure.com/Tables",
      "RequestMethod": "GET",
      "RequestHeaders": {
        "Accept": "application/json;odata=minimalmetadata",
        "Accept-Encoding": "gzip, deflate",
        "Authorization": "Sanitized",
        "DataServiceVersion": "3.0",
        "Date": "Wed, 29 Sep 2021 20:43:09 GMT",
        "User-Agent": "azsdk-python-data-tables/12.1.1 Python/3.8.5 (Windows-10-10.0.19041-SP0)",
        "x-ms-client-request-id": "db3ec608-2165-11ec-8b9a-5cf370a43880",
        "x-ms-date": "Wed, 29 Sep 2021 20:43:09 GMT",
        "x-ms-version": "2019-02-02"
      },
      "RequestBody": null,
      "StatusCode": 200,
      "ResponseHeaders": {
        "Content-Type": "application/json; odata=minimalmetadata",
        "Date": "Wed, 29 Sep 2021 20:43:09 GMT",
        "Transfer-Encoding": "chunked",
        "x-ms-request-id": "aa5c2f73-7d29-46b4-9cbc-f0a654294019"
      },
      "ResponseBody": {
        "value": [
          {
            "TableName": "uttable35e1433a"
          }
        ],
        "odata.metadata": "https://scbeddtablesprim.table.cosmos.azure.com/$metadata#Tables"
      }
    },
    {
      "RequestUri": "https://scbeddtablesprim.table.cosmos.azure.com/Tables(\u0027uttable35e1433a\u0027)",
      "RequestMethod": "DELETE",
      "RequestHeaders": {
        "Accept": "application/json",
        "Accept-Encoding": "gzip, deflate",
        "Authorization": "Sanitized",
        "Content-Length": "0",
        "Date": "Wed, 29 Sep 2021 20:43:09 GMT",
        "User-Agent": "azsdk-python-data-tables/12.1.1 Python/3.8.5 (Windows-10-10.0.19041-SP0)",
        "x-ms-client-request-id": "db421675-2165-11ec-b4ef-5cf370a43880",
        "x-ms-date": "Wed, 29 Sep 2021 20:43:09 GMT",
        "x-ms-version": "2019-02-02"
      },
      "RequestBody": null,
      "StatusCode": 204,
      "ResponseHeaders": {
        "Date": "Wed, 29 Sep 2021 20:43:10 GMT",
        "x-ms-request-id": "e91e785b-7dc0-4018-a1d8-b664f9570b1f"
      },
      "ResponseBody": null
    }
  ],
  "Variables": {}
}
