{
  "Entries": [
    {
      "RequestUri": "https://scbeddtablesprim.table.cosmos.azure.com/Tables",
      "RequestMethod": "POST",
      "RequestHeaders": {
        "Accept": "application/json;odata=minimalmetadata",
        "Accept-Encoding": "gzip, deflate",
        "Authorization": "Sanitized",
        "Content-Length": "32",
        "Content-Type": "application/json;odata=nometadata",
        "DataServiceVersion": "3.0",
        "Date": "Wed, 29 Sep 2021 20:43:12 GMT",
        "User-Agent": "azsdk-python-data-tables/12.1.1 Python/3.8.5 (Windows-10-10.0.19041-SP0)",
        "x-ms-client-request-id": "dd34e3f1-2165-11ec-82fb-5cf370a43880",
        "x-ms-date": "Wed, 29 Sep 2021 20:43:12 GMT",
        "x-ms-version": "2019-02-02"
      },
      "RequestBody": "{\u0022TableName\u0022: \u0022uttable3f05335d\u0022}",
      "StatusCode": 201,
      "ResponseHeaders": {
        "Content-Type": "application/json; odata=minimalmetadata",
        "Date": "Wed, 29 Sep 2021 20:43:14 GMT",
        "ETag": "W/\u0022datetime\u00272021-09-29T20%3A43%3A13.9793928Z\u0027\u0022",
        "Location": "https://scbeddtablesprim.table.cosmos.azure.com/Tables(\u0027uttable3f05335d\u0027)",
        "Transfer-Encoding": "chunked",
        "x-ms-request-id": "8af4f26e-eb99-4856-b4bc-e25e716f9459"
      },
      "ResponseBody": {
        "TableName": "uttable3f05335d",
        "odata.metadata": "https://scbeddtablesprim.table.cosmos.azure.com/$metadata#Tables/@Element"
      }
    },
    {
      "RequestUri": "https://scbeddtablesprim.table.cosmos.azure.com/uttable3f05335d",
      "RequestMethod": "POST",
      "RequestHeaders": {
        "Accept": "application/json;odata=minimalmetadata",
        "Accept-Encoding": "gzip, deflate",
        "Authorization": "Sanitized",
        "Content-Length": "195",
        "Content-Type": "application/json;odata=nometadata",
        "DataServiceVersion": "3.0",
        "Date": "Wed, 29 Sep 2021 20:43:13 GMT",
        "User-Agent": "azsdk-python-data-tables/12.1.1 Python/3.8.5 (Windows-10-10.0.19041-SP0)",
        "x-ms-client-request-id": "ddbfb0bc-2165-11ec-a3a5-5cf370a43880",
        "x-ms-date": "Wed, 29 Sep 2021 20:43:13 GMT",
        "x-ms-version": "2019-02-02"
      },
      "RequestBody": "{\u0022PartitionKey\u0022: \u0022pk3f05335d\u0022, \u0022PartitionKey@odata.type\u0022: \u0022Edm.String\u0022, \u0022RowKey\u0022: \u0022rk3f05335d\u0022, \u0022RowKey@odata.type\u0022: \u0022Edm.String\u0022, \u0022binary\u0022: \u0022AQIDBAUGBwgJCg==\u0022, \u0022binary@odata.type\u0022: \u0022Edm.Binary\u0022}",
      "StatusCode": 201,
      "ResponseHeaders": {
        "Content-Type": "application/json; odata=minimalmetadata",
        "Date": "Wed, 29 Sep 2021 20:43:14 GMT",
        "ETag": "W/\u0022datetime\u00272021-09-29T20%3A43%3A14.6454024Z\u0027\u0022",
        "Location": "https://scbeddtablesprim.table.cosmos.azure.com/uttable3f05335d(PartitionKey=\u0027pk3f05335d\u0027,RowKey=\u0027rk3f05335d\u0027)",
        "Transfer-Encoding": "chunked",
        "x-ms-request-id": "ca16e910-4b55-4228-a5c8-d61608fa5151"
      },
      "ResponseBody": {
        "odata.metadata": "https://scbeddtablesprim.table.cosmos.azure.com/uttable3f05335d/$metadata#uttable3f05335d/@Element",
        "odata.etag": "W/\u0022datetime\u00272021-09-29T20%3A43%3A14.6454024Z\u0027\u0022",
        "PartitionKey": "pk3f05335d",
        "RowKey": "rk3f05335d",
        "binary@odata.type": "Edm.Binary",
        "binary": "AQIDBAUGBwgJCg==",
        "Timestamp": "2021-09-29T20:43:14.6454024Z"
      }
    },
    {
      "RequestUri": "https://scbeddtablesprim.table.cosmos.azure.com/uttable3f05335d(PartitionKey=\u0027pk3f05335d\u0027,RowKey=\u0027rk3f05335d\u0027)",
      "RequestMethod": "GET",
      "RequestHeaders": {
        "Accept": "application/json;odata=minimalmetadata",
        "Accept-Encoding": "gzip, deflate",
        "Authorization": "Sanitized",
        "DataServiceVersion": "3.0",
        "Date": "Wed, 29 Sep 2021 20:43:13 GMT",
        "User-Agent": "azsdk-python-data-tables/12.1.1 Python/3.8.5 (Windows-10-10.0.19041-SP0)",
        "x-ms-client-request-id": "ddcbaa97-2165-11ec-b7a7-5cf370a43880",
        "x-ms-date": "Wed, 29 Sep 2021 20:43:13 GMT",
        "x-ms-version": "2019-02-02"
      },
      "RequestBody": null,
      "StatusCode": 200,
      "ResponseHeaders": {
        "Content-Type": "application/json; odata=minimalmetadata",
        "Date": "Wed, 29 Sep 2021 20:43:14 GMT",
        "ETag": "W/\u0022datetime\u00272021-09-29T20%3A43%3A14.6454024Z\u0027\u0022",
        "Transfer-Encoding": "chunked",
        "x-ms-request-id": "ae248d18-91a4-4422-8468-f4e30067811c"
      },
      "ResponseBody": {
        "odata.metadata": "https://scbeddtablesprim.table.cosmos.azure.com/uttable3f05335d/$metadata#uttable3f05335d/@Element",
        "odata.etag": "W/\u0022datetime\u00272021-09-29T20%3A43%3A14.6454024Z\u0027\u0022",
        "PartitionKey": "pk3f05335d",
        "RowKey": "rk3f05335d",
        "binary@odata.type": "Edm.Binary",
        "binary": "AQIDBAUGBwgJCg==",
        "Timestamp": "2021-09-29T20:43:14.6454024Z"
      }
    },
    {
      "RequestUri": "https://scbeddtablesprim.table.cosmos.azure.com/Tables",
      "RequestMethod": "GET",
      "RequestHeaders": {
        "Accept": "application/json;odata=minimalmetadata",
        "Accept-Encoding": "gzip, deflate",
        "Authorization": "Sanitized",
        "DataServiceVersion": "3.0",
        "Date": "Wed, 29 Sep 2021 20:43:13 GMT",
        "User-Agent": "azsdk-python-data-tables/12.1.1 Python/3.8.5 (Windows-10-10.0.19041-SP0)",
        "x-ms-client-request-id": "ddd1a4bf-2165-11ec-9dcd-5cf370a43880",
        "x-ms-date": "Wed, 29 Sep 2021 20:43:13 GMT",
        "x-ms-version": "2019-02-02"
      },
      "RequestBody": null,
      "StatusCode": 200,
      "ResponseHeaders": {
        "Content-Type": "application/json; odata=minimalmetadata",
        "Date": "Wed, 29 Sep 2021 20:43:14 GMT",
        "Transfer-Encoding": "chunked",
        "x-ms-request-id": "6b6a5e95-4237-4665-8c77-9a3686e3d04b"
      },
      "ResponseBody": {
        "value": [
          {
            "TableName": "uttable3f05335d"
          }
        ],
        "odata.metadata": "https://scbeddtablesprim.table.cosmos.azure.com/$metadata#Tables"
      }
    },
    {
      "RequestUri": "https://scbeddtablesprim.table.cosmos.azure.com/Tables(\u0027uttable3f05335d\u0027)",
      "RequestMethod": "DELETE",
      "RequestHeaders": {
        "Accept": "application/json",
        "Accept-Encoding": "gzip, deflate",
        "Authorization": "Sanitized",
        "Content-Length": "0",
        "Date": "Wed, 29 Sep 2021 20:43:13 GMT",
        "User-Agent": "azsdk-python-data-tables/12.1.1 Python/3.8.5 (Windows-10-10.0.19041-SP0)",
        "x-ms-client-request-id": "ddd4f466-2165-11ec-99a2-5cf370a43880",
        "x-ms-date": "Wed, 29 Sep 2021 20:43:13 GMT",
        "x-ms-version": "2019-02-02"
      },
      "RequestBody": null,
      "StatusCode": 204,
      "ResponseHeaders": {
        "Date": "Wed, 29 Sep 2021 20:43:14 GMT",
        "x-ms-request-id": "22627284-d39c-4113-baf9-22d4638d06a3"
      },
      "ResponseBody": null
    }
  ],
  "Variables": {}
}
