{
  "Entries": [
    {
      "RequestUri": "https://scbeddtablesprim.table.cosmos.azure.com/Tables",
      "RequestMethod": "POST",
      "RequestHeaders": {
        "Accept": "application/json;odata=minimalmetadata",
        "Accept-Encoding": "gzip, deflate",
        "Authorization": "Sanitized",
        "Content-Length": "32",
        "Content-Type": "application/json;odata=nometadata",
        "DataServiceVersion": "3.0",
        "Date": "Wed, 29 Sep 2021 20:42:17 GMT",
        "User-Agent": "azsdk-python-data-tables/12.1.1 Python/3.8.5 (Windows-10-10.0.19041-SP0)",
        "x-ms-client-request-id": "bc74ad37-2165-11ec-a3cd-5cf370a43880",
        "x-ms-date": "Wed, 29 Sep 2021 20:42:17 GMT",
        "x-ms-version": "2019-02-02"
      },
      "RequestBody": "{\u0022TableName\u0022: \u0022uttable1c163c24\u0022}",
      "StatusCode": 201,
      "ResponseHeaders": {
        "Content-Type": "application/json; odata=minimalmetadata",
        "Date": "Wed, 29 Sep 2021 20:42:18 GMT",
        "ETag": "W/\u0022datetime\u00272021-09-29T20%3A42%3A18.9435912Z\u0027\u0022",
        "Location": "https://scbeddtablesprim.table.cosmos.azure.com/Tables(\u0027uttable1c163c24\u0027)",
        "Transfer-Encoding": "chunked",
        "x-ms-request-id": "5d392bc1-3193-4a4b-a065-be18754d6b44"
      },
      "ResponseBody": {
        "TableName": "uttable1c163c24",
        "odata.metadata": "https://scbeddtablesprim.table.cosmos.azure.com/$metadata#Tables/@Element"
      }
    },
    {
      "RequestUri": "https://scbeddtablesprim.table.cosmos.azure.com/Tables",
      "RequestMethod": "GET",
      "RequestHeaders": {
        "Accept": "application/json;odata=minimalmetadata",
        "Accept-Encoding": "gzip, deflate",
        "Authorization": "Sanitized",
        "DataServiceVersion": "3.0",
        "Date": "Wed, 29 Sep 2021 20:42:18 GMT",
        "User-Agent": "azsdk-python-data-tables/12.1.1 Python/3.8.5 (Windows-10-10.0.19041-SP0)",
        "x-ms-client-request-id": "bcd8dc3a-2165-11ec-8a14-5cf370a43880",
        "x-ms-date": "Wed, 29 Sep 2021 20:42:18 GMT",
        "x-ms-version": "2019-02-02"
      },
      "RequestBody": null,
      "StatusCode": 200,
      "ResponseHeaders": {
        "Content-Type": "application/json; odata=minimalmetadata",
        "Date": "Wed, 29 Sep 2021 20:42:18 GMT",
        "Transfer-Encoding": "chunked",
        "x-ms-request-id": "72ea2a6e-bfb7-4909-9154-9ecf6a396dd6"
      },
      "ResponseBody": {
        "value": [
          {
            "TableName": "uttable1c163c24"
          }
        ],
        "odata.metadata": "https://scbeddtablesprim.table.cosmos.azure.com/$metadata#Tables"
      }
    },
    {
      "RequestUri": "https://scbeddtablesprim.table.cosmos.azure.com/Tables(\u0027uttable1c163c24\u0027)",
      "RequestMethod": "DELETE",
      "RequestHeaders": {
        "Accept": "application/json",
        "Accept-Encoding": "gzip, deflate",
        "Authorization": "Sanitized",
        "Content-Length": "0",
        "Date": "Wed, 29 Sep 2021 20:42:18 GMT",
        "User-Agent": "azsdk-python-data-tables/12.1.1 Python/3.8.5 (Windows-10-10.0.19041-SP0)",
        "x-ms-client-request-id": "bcdc3516-2165-11ec-80b0-5cf370a43880",
        "x-ms-date": "Wed, 29 Sep 2021 20:42:18 GMT",
        "x-ms-version": "2019-02-02"
      },
      "RequestBody": null,
      "StatusCode": 204,
      "ResponseHeaders": {
        "Date": "Wed, 29 Sep 2021 20:42:19 GMT",
        "x-ms-request-id": "78ee6346-bb9f-4885-89e4-aeeb72f0aab1"
      },
      "ResponseBody": null
    }
  ],
  "Variables": {}
}
