{
  "Entries": [
    {
      "RequestUri": "https://fakeendpoint.table.core.windows.net/Tables",
      "RequestMethod": "POST",
      "RequestHeaders": {
        "Accept": "application/json;odata=minimalmetadata",
        "Accept-Encoding": "gzip, deflate",
        "Authorization": "Sanitized",
        "Content-Length": "31",
        "Content-Type": "application/json;odata=nometadata",
        "DataServiceVersion": "3.0",
        "Date": "Wed, 29 Sep 2021 20:26:34 GMT",
        "User-Agent": "azsdk-python-data-tables/12.1.1 Python/3.8.5 (Windows-10-10.0.19041-SP0)",
        "x-ms-client-request-id": "8a5255e4-2163-11ec-92a7-5cf370a43880",
        "x-ms-date": "Wed, 29 Sep 2021 20:26:34 GMT",
        "x-ms-version": "2019-02-02"
      },
      "RequestBody": "{\u0022TableName\u0022: \u0022uttablebb12e5e\u0022}",
      "StatusCode": 201,
      "ResponseHeaders": {
        "Cache-Control": "no-cache",
        "Content-Type": "application/json; odata=minimalmetadata; streaming=true; charset=utf-8",
        "Date": "Wed, 29 Sep 2021 20:26:35 GMT",
        "Location": "https://scbeddtablesprim.table.core.windows.net/Tables(\u0027uttablebb12e5e\u0027)",
        "Server": [
          "Windows-Azure-Table/1.0",
          "Microsoft-HTTPAPI/2.0"
        ],
        "Transfer-Encoding": "chunked",
        "X-Content-Type-Options": "nosniff",
        "x-ms-client-request-id": "8a5255e4-2163-11ec-92a7-5cf370a43880",
        "x-ms-request-id": "42caa91d-8002-0094-4c70-b51470000000",
        "x-ms-version": "2019-02-02"
      },
      "ResponseBody": {
        "odata.metadata": "https://scbeddtablesprim.table.core.windows.net/$metadata#Tables/@Element",
        "TableName": "uttablebb12e5e"
      }
    },
    {
      "RequestUri": "https://fakeendpoint.table.core.windows.net/uttablebb12e5e",
      "RequestMethod": "POST",
      "RequestHeaders": {
        "Accept": "application/json;odata=minimalmetadata",
        "Accept-Encoding": "gzip, deflate",
        "Authorization": "Sanitized",
        "Content-Length": "709",
        "Content-Type": "application/json;odata=nometadata",
        "DataServiceVersion": "3.0",
        "Date": "Wed, 29 Sep 2021 20:26:34 GMT",
        "User-Agent": "azsdk-python-data-tables/12.1.1 Python/3.8.5 (Windows-10-10.0.19041-SP0)",
        "x-ms-client-request-id": "8a56e7ca-2163-11ec-bef9-5cf370a43880",
        "x-ms-date": "Wed, 29 Sep 2021 20:26:34 GMT",
        "x-ms-version": "2019-02-02"
      },
      "RequestBody": "{\u0022PartitionKey\u0022: \u0022pkbb12e5e\u0022, \u0022PartitionKey@odata.type\u0022: \u0022Edm.String\u0022, \u0022RowKey\u0022: \u0022rkbb12e5e\u0022, \u0022RowKey@odata.type\u0022: \u0022Edm.String\u0022, \u0022age\u0022: 39, \u0022sex\u0022: \u0022male\u0022, \u0022sex@odata.type\u0022: \u0022Edm.String\u0022, \u0022married\u0022: true, \u0022deceased\u0022: false, \u0022ratio\u0022: 3.1, \u0022ratio@odata.type\u0022: \u0022Edm.Double\u0022, \u0022evenratio\u0022: 3.0, \u0022evenratio@odata.type\u0022: \u0022Edm.Double\u0022, \u0022double\u0022: 5, \u0022double@odata.type\u0022: \u0022Edm.Double\u0022, \u0022large\u0022: 933311100, \u0022Birthday\u0022: \u00221973-10-04T00:00:00.000000Z\u0022, \u0022Birthday@odata.type\u0022: \u0022Edm.DateTime\u0022, \u0022birthday\u0022: \u00221970-10-04T00:00:00.000000Z\u0022, \u0022birthday@odata.type\u0022: \u0022Edm.DateTime\u0022, \u0022binary\u0022: \u0022YmluYXJ5\u0022, \u0022binary@odata.type\u0022: \u0022Edm.Binary\u0022, \u0022other\u0022: 20, \u0022clsid\u0022: \u0022c9da6455-213d-42c9-9a79-3e9149a57833\u0022, \u0022clsid@odata.type\u0022: \u0022Edm.Guid\u0022}",
      "StatusCode": 201,
      "ResponseHeaders": {
        "Cache-Control": "no-cache",
        "Content-Type": "application/json; odata=minimalmetadata; streaming=true; charset=utf-8",
        "Date": "Wed, 29 Sep 2021 20:26:35 GMT",
        "ETag": "W/\u0022datetime\u00272021-09-29T20%3A26%3A35.6577636Z\u0027\u0022",
        "Location": "https://scbeddtablesprim.table.core.windows.net/uttablebb12e5e(PartitionKey=\u0027pkbb12e5e\u0027,RowKey=\u0027rkbb12e5e\u0027)",
        "Server": [
          "Windows-Azure-Table/1.0",
          "Microsoft-HTTPAPI/2.0"
        ],
        "Transfer-Encoding": "chunked",
        "X-Content-Type-Options": "nosniff",
        "x-ms-client-request-id": "8a56e7ca-2163-11ec-bef9-5cf370a43880",
        "x-ms-request-id": "42caa923-8002-0094-5170-b51470000000",
        "x-ms-version": "2019-02-02"
      },
      "ResponseBody": {
        "odata.metadata": "https://scbeddtablesprim.table.core.windows.net/$metadata#uttablebb12e5e/@Element",
        "odata.etag": "W/\u0022datetime\u00272021-09-29T20%3A26%3A35.6577636Z\u0027\u0022",
        "PartitionKey": "pkbb12e5e",
        "RowKey": "rkbb12e5e",
        "Timestamp": "2021-09-29T20:26:35.6577636Z",
        "age": 39,
        "sex": "male",
        "married": true,
        "deceased": false,
        "ratio": 3.1,
        "evenratio": 3.0,
        "double": 5.0,
        "large": 933311100,
        "Birthday@odata.type": "Edm.DateTime",
        "Birthday": "1973-10-04T00:00:00Z",
        "birthday@odata.type": "Edm.DateTime",
        "birthday": "1970-10-04T00:00:00Z",
        "binary@odata.type": "Edm.Binary",
        "binary": "YmluYXJ5",
        "other": 20,
        "clsid@odata.type": "Edm.Guid",
        "clsid": "c9da6455-213d-42c9-9a79-3e9149a57833"
      }
    },
    {
      "RequestUri": "https://fakeendpoint.table.core.windows.net/uttablebb12e5e",
      "RequestMethod": "POST",
      "RequestHeaders": {
        "Accept": "application/json;odata=minimalmetadata",
        "Accept-Encoding": "gzip, deflate",
        "Authorization": "Sanitized",
        "Content-Length": "676",
        "Content-Type": "application/json;odata=nometadata",
        "DataServiceVersion": "3.0",
        "Date": "Wed, 29 Sep 2021 20:26:34 GMT",
        "User-Agent": "azsdk-python-data-tables/12.1.1 Python/3.8.5 (Windows-10-10.0.19041-SP0)",
        "x-ms-client-request-id": "8a5a7a21-2163-11ec-b4f6-5cf370a43880",
        "x-ms-date": "Wed, 29 Sep 2021 20:26:34 GMT",
        "x-ms-version": "2019-02-02"
      },
      "RequestBody": "{\u0022PartitionKey\u0022: \u0022pkbb12e5e1\u0022, \u0022PartitionKey@odata.type\u0022: \u0022Edm.String\u0022, \u0022RowKey\u0022: \u0022rkbb12e5e1\u0022, \u0022RowKey@odata.type\u0022: \u0022Edm.String\u0022, \u0022age\u0022: 49, \u0022sex\u0022: \u0022female\u0022, \u0022sex@odata.type\u0022: \u0022Edm.String\u0022, \u0022married\u0022: false, \u0022deceased\u0022: true, \u0022ratio\u0022: 5.2, \u0022ratio@odata.type\u0022: \u0022Edm.Double\u0022, \u0022evenratio\u0022: 6.0, \u0022evenratio@odata.type\u0022: \u0022Edm.Double\u0022, \u0022large\u0022: 39999011, \u0022Birthday\u0022: \u00221993-04-01T00:00:00.000000Z\u0022, \u0022Birthday@odata.type\u0022: \u0022Edm.DateTime\u0022, \u0022birthday\u0022: \u00221990-04-01T00:00:00.000000Z\u0022, \u0022birthday@odata.type\u0022: \u0022Edm.DateTime\u0022, \u0022binary\u0022: \u0022YmluYXJ5LWJpbmFyeQ==\u0022, \u0022binary@odata.type\u0022: \u0022Edm.Binary\u0022, \u0022other\u0022: 40, \u0022clsid\u0022: \u0022c8da6455-213e-42d9-9b79-3f9149a57833\u0022, \u0022clsid@odata.type\u0022: \u0022Edm.Guid\u0022}",
      "StatusCode": 201,
      "ResponseHeaders": {
        "Cache-Control": "no-cache",
        "Content-Type": "application/json; odata=minimalmetadata; streaming=true; charset=utf-8",
        "Date": "Wed, 29 Sep 2021 20:26:35 GMT",
        "ETag": "W/\u0022datetime\u00272021-09-29T20%3A26%3A35.6807795Z\u0027\u0022",
        "Location": "https://scbeddtablesprim.table.core.windows.net/uttablebb12e5e(PartitionKey=\u0027pkbb12e5e1\u0027,RowKey=\u0027rkbb12e5e1\u0027)",
        "Server": [
          "Windows-Azure-Table/1.0",
          "Microsoft-HTTPAPI/2.0"
        ],
        "Transfer-Encoding": "chunked",
        "X-Content-Type-Options": "nosniff",
        "x-ms-client-request-id": "8a5a7a21-2163-11ec-b4f6-5cf370a43880",
        "x-ms-request-id": "42caa926-8002-0094-5470-b51470000000",
        "x-ms-version": "2019-02-02"
      },
      "ResponseBody": {
        "odata.metadata": "https://scbeddtablesprim.table.core.windows.net/$metadata#uttablebb12e5e/@Element",
        "odata.etag": "W/\u0022datetime\u00272021-09-29T20%3A26%3A35.6807795Z\u0027\u0022",
        "PartitionKey": "pkbb12e5e1",
        "RowKey": "rkbb12e5e1",
        "Timestamp": "2021-09-29T20:26:35.6807795Z",
        "age": 49,
        "sex": "female",
        "married": false,
        "deceased": true,
        "ratio": 5.2,
        "evenratio": 6.0,
        "large": 39999011,
        "Birthday@odata.type": "Edm.DateTime",
        "Birthday": "1993-04-01T00:00:00Z",
        "birthday@odata.type": "Edm.DateTime",
        "birthday": "1990-04-01T00:00:00Z",
        "binary@odata.type": "Edm.Binary",
        "binary": "YmluYXJ5LWJpbmFyeQ==",
        "other": 40,
        "clsid@odata.type": "Edm.Guid",
        "clsid": "c8da6455-213e-42d9-9b79-3f9149a57833"
      }
    },
    {
      "RequestUri": "https://fakeendpoint.table.core.windows.net/uttablebb12e5e",
      "RequestMethod": "POST",
      "RequestHeaders": {
        "Accept": "application/json;odata=minimalmetadata",
        "Accept-Encoding": "gzip, deflate",
        "Authorization": "Sanitized",
        "Content-Length": "187",
        "Content-Type": "application/json;odata=nometadata",
        "DataServiceVersion": "3.0",
        "Date": "Wed, 29 Sep 2021 20:26:34 GMT",
        "User-Agent": "azsdk-python-data-tables/12.1.1 Python/3.8.5 (Windows-10-10.0.19041-SP0)",
        "x-ms-client-request-id": "8a5dac76-2163-11ec-ab6e-5cf370a43880",
        "x-ms-date": "Wed, 29 Sep 2021 20:26:34 GMT",
        "x-ms-version": "2019-02-02"
      },
      "RequestBody": "{\u0022PartitionKey\u0022: \u0022pk001\u0022, \u0022PartitionKey@odata.type\u0022: \u0022Edm.String\u0022, \u0022RowKey\u0022: \u0022rk001\u0022, \u0022RowKey@odata.type\u0022: \u0022Edm.String\u0022, \u0022large_int\u0022: \u00221099511627776\u0022, \u0022large_int@odata.type\u0022: \u0022Edm.Int64\u0022}",
      "StatusCode": 201,
      "ResponseHeaders": {
        "Cache-Control": "no-cache",
        "Content-Type": "application/json; odata=minimalmetadata; streaming=true; charset=utf-8",
        "Date": "Wed, 29 Sep 2021 20:26:35 GMT",
        "ETag": "W/\u0022datetime\u00272021-09-29T20%3A26%3A35.7017944Z\u0027\u0022",
        "Location": "https://scbeddtablesprim.table.core.windows.net/uttablebb12e5e(PartitionKey=\u0027pk001\u0027,RowKey=\u0027rk001\u0027)",
        "Server": [
          "Windows-Azure-Table/1.0",
          "Microsoft-HTTPAPI/2.0"
        ],
        "Transfer-Encoding": "chunked",
        "X-Content-Type-Options": "nosniff",
        "x-ms-client-request-id": "8a5dac76-2163-11ec-ab6e-5cf370a43880",
        "x-ms-request-id": "42caa92a-8002-0094-5870-b51470000000",
        "x-ms-version": "2019-02-02"
      },
      "ResponseBody": {
        "odata.metadata": "https://scbeddtablesprim.table.core.windows.net/$metadata#uttablebb12e5e/@Element",
        "odata.etag": "W/\u0022datetime\u00272021-09-29T20%3A26%3A35.7017944Z\u0027\u0022",
        "PartitionKey": "pk001",
        "RowKey": "rk001",
        "Timestamp": "2021-09-29T20:26:35.7017944Z",
        "large_int@odata.type": "Edm.Int64",
        "large_int": "1099511627776"
      }
    },
    {
      "RequestUri": "https://fakeendpoint.table.core.windows.net/uttablebb12e5e()?$filter=large_int eq 1099511627776L",
      "RequestMethod": "GET",
      "RequestHeaders": {
        "Accept": "application/json;odata=minimalmetadata",
        "Accept-Encoding": "gzip, deflate",
        "Authorization": "Sanitized",
        "DataServiceVersion": "3.0",
        "Date": "Wed, 29 Sep 2021 20:26:34 GMT",
        "User-Agent": "azsdk-python-data-tables/12.1.1 Python/3.8.5 (Windows-10-10.0.19041-SP0)",
        "x-ms-client-request-id": "8a60f139-2163-11ec-a9d7-5cf370a43880",
        "x-ms-date": "Wed, 29 Sep 2021 20:26:34 GMT",
        "x-ms-version": "2019-02-02"
      },
      "RequestBody": null,
      "StatusCode": 200,
      "ResponseHeaders": {
        "Cache-Control": "no-cache",
        "Content-Type": "application/json; odata=minimalmetadata; streaming=true; charset=utf-8",
        "Date": "Wed, 29 Sep 2021 20:26:35 GMT",
        "Server": [
          "Windows-Azure-Table/1.0",
          "Microsoft-HTTPAPI/2.0"
        ],
        "Transfer-Encoding": "chunked",
        "X-Content-Type-Options": "nosniff",
        "x-ms-client-request-id": "8a60f139-2163-11ec-a9d7-5cf370a43880",
        "x-ms-request-id": "42caa931-8002-0094-5f70-b51470000000",
        "x-ms-version": "2019-02-02"
      },
      "ResponseBody": {
        "odata.metadata": "https://scbeddtablesprim.table.core.windows.net/$metadata#uttablebb12e5e",
        "value": [
          {
            "odata.etag": "W/\u0022datetime\u00272021-09-29T20%3A26%3A35.7017944Z\u0027\u0022",
            "PartitionKey": "pk001",
            "RowKey": "rk001",
            "Timestamp": "2021-09-29T20:26:35.7017944Z",
            "large_int@odata.type": "Edm.Int64",
            "large_int": "1099511627776"
          }
        ]
      }
    },
    {
      "RequestUri": "https://fakeendpoint.table.core.windows.net/Tables",
      "RequestMethod": "GET",
      "RequestHeaders": {
        "Accept": "application/json;odata=minimalmetadata",
        "Accept-Encoding": "gzip, deflate",
        "Authorization": "Sanitized",
        "DataServiceVersion": "3.0",
        "Date": "Wed, 29 Sep 2021 20:26:34 GMT",
        "User-Agent": "azsdk-python-data-tables/12.1.1 Python/3.8.5 (Windows-10-10.0.19041-SP0)",
        "x-ms-client-request-id": "8a6422d4-2163-11ec-ab5a-5cf370a43880",
        "x-ms-date": "Wed, 29 Sep 2021 20:26:34 GMT",
        "x-ms-version": "2019-02-02"
      },
      "RequestBody": null,
      "StatusCode": 200,
      "ResponseHeaders": {
        "Cache-Control": "no-cache",
        "Content-Type": "application/json; odata=minimalmetadata; streaming=true; charset=utf-8",
        "Date": "Wed, 29 Sep 2021 20:26:35 GMT",
        "Server": [
          "Windows-Azure-Table/1.0",
          "Microsoft-HTTPAPI/2.0"
        ],
        "Transfer-Encoding": "chunked",
        "X-Content-Type-Options": "nosniff",
        "x-ms-client-request-id": "8a6422d4-2163-11ec-ab5a-5cf370a43880",
        "x-ms-request-id": "42caa939-8002-0094-6770-b51470000000",
        "x-ms-version": "2019-02-02"
      },
      "ResponseBody": {
        "odata.metadata": "https://scbeddtablesprim.table.core.windows.net/$metadata#Tables",
        "value": [
          {
            "TableName": "uttablebb12e5e"
          }
        ]
      }
    },
    {
      "RequestUri": "https://fakeendpoint.table.core.windows.net/Tables(\u0027uttablebb12e5e\u0027)",
      "RequestMethod": "DELETE",
      "RequestHeaders": {
        "Accept": "application/json",
        "Accept-Encoding": "gzip, deflate",
        "Authorization": "Sanitized",
        "Content-Length": "0",
        "Date": "Wed, 29 Sep 2021 20:26:34 GMT",
        "User-Agent": "azsdk-python-data-tables/12.1.1 Python/3.8.5 (Windows-10-10.0.19041-SP0)",
        "x-ms-client-request-id": "8a676acb-2163-11ec-be52-5cf370a43880",
        "x-ms-date": "Wed, 29 Sep 2021 20:26:34 GMT",
        "x-ms-version": "2019-02-02"
      },
      "RequestBody": null,
      "StatusCode": 204,
      "ResponseHeaders": {
        "Cache-Control": "no-cache",
        "Content-Length": "0",
        "Date": "Wed, 29 Sep 2021 20:26:35 GMT",
        "Server": [
          "Windows-Azure-Table/1.0",
          "Microsoft-HTTPAPI/2.0"
        ],
        "X-Content-Type-Options": "nosniff",
        "x-ms-client-request-id": "8a676acb-2163-11ec-be52-5cf370a43880",
        "x-ms-request-id": "42caa93d-8002-0094-6b70-b51470000000",
        "x-ms-version": "2019-02-02"
      },
      "ResponseBody": null
    }
  ],
  "Variables": {}
}
