{
  "Entries": [
    {
      "RequestUri": "https://fakeendpoint.table.core.windows.net/Tables",
      "RequestMethod": "POST",
      "RequestHeaders": {
        "Accept": "application/json;odata=minimalmetadata",
        "Accept-Encoding": "gzip, deflate",
        "Authorization": "Sanitized",
        "Content-Length": "32",
        "Content-Type": "application/json;odata=nometadata",
        "DataServiceVersion": "3.0",
        "Date": "Wed, 29 Sep 2021 20:26:32 GMT",
        "User-Agent": "azsdk-python-data-tables/12.1.1 Python/3.8.5 (Windows-10-10.0.19041-SP0)",
        "x-ms-client-request-id": "88c50c69-2163-11ec-91df-5cf370a43880",
        "x-ms-date": "Wed, 29 Sep 2021 20:26:32 GMT",
        "x-ms-version": "2019-02-02"
      },
      "RequestBody": "{\u0022TableName\u0022: \u0022uttableaf332de6\u0022}",
      "StatusCode": 201,
      "ResponseHeaders": {
        "Cache-Control": "no-cache",
        "Content-Type": "application/json; odata=minimalmetadata; streaming=true; charset=utf-8",
        "Date": "Wed, 29 Sep 2021 20:26:32 GMT",
        "Location": "https://scbeddtablesprim.table.core.windows.net/Tables(\u0027uttableaf332de6\u0027)",
        "Server": [
          "Windows-Azure-Table/1.0",
          "Microsoft-HTTPAPI/2.0"
        ],
        "Transfer-Encoding": "chunked",
        "X-Content-Type-Options": "nosniff",
        "x-ms-client-request-id": "88c50c69-2163-11ec-91df-5cf370a43880",
        "x-ms-request-id": "42caa6ed-8002-0094-5970-b51470000000",
        "x-ms-version": "2019-02-02"
      },
      "ResponseBody": {
        "odata.metadata": "https://scbeddtablesprim.table.core.windows.net/$metadata#Tables/@Element",
        "TableName": "uttableaf332de6"
      }
    },
    {
      "RequestUri": "https://fakeendpoint.table.core.windows.net/Tables",
      "RequestMethod": "POST",
      "RequestHeaders": {
        "Accept": "application/json;odata=minimalmetadata",
        "Accept-Encoding": "gzip, deflate",
        "Authorization": "Sanitized",
        "Content-Length": "40",
        "Content-Type": "application/json;odata=nometadata",
        "DataServiceVersion": "3.0",
        "Date": "Wed, 29 Sep 2021 20:26:32 GMT",
        "User-Agent": "azsdk-python-data-tables/12.1.1 Python/3.8.5 (Windows-10-10.0.19041-SP0)",
        "x-ms-client-request-id": "88c9638b-2163-11ec-9e08-5cf370a43880",
        "x-ms-date": "Wed, 29 Sep 2021 20:26:32 GMT",
        "x-ms-version": "2019-02-02"
      },
      "RequestBody": "{\u0022TableName\u0022: \u0022queryasynctableaf332de6\u0022}",
      "StatusCode": 201,
      "ResponseHeaders": {
        "Cache-Control": "no-cache",
        "Content-Type": "application/json; odata=minimalmetadata; streaming=true; charset=utf-8",
        "Date": "Wed, 29 Sep 2021 20:26:32 GMT",
        "Location": "https://scbeddtablesprim.table.core.windows.net/Tables(\u0027queryasynctableaf332de6\u0027)",
        "Server": [
          "Windows-Azure-Table/1.0",
          "Microsoft-HTTPAPI/2.0"
        ],
        "Transfer-Encoding": "chunked",
        "X-Content-Type-Options": "nosniff",
        "x-ms-client-request-id": "88c9638b-2163-11ec-9e08-5cf370a43880",
        "x-ms-request-id": "42caa6f4-8002-0094-5f70-b51470000000",
        "x-ms-version": "2019-02-02"
      },
      "ResponseBody": {
        "odata.metadata": "https://scbeddtablesprim.table.core.windows.net/$metadata#Tables/@Element",
        "TableName": "queryasynctableaf332de6"
      }
    },
    {
      "RequestUri": "https://fakeendpoint.table.core.windows.net/queryasynctableaf332de6",
      "RequestMethod": "POST",
      "RequestHeaders": {
        "Accept": "application/json;odata=minimalmetadata",
        "Accept-Encoding": "gzip, deflate",
        "Authorization": "Sanitized",
        "Content-Length": "173",
        "Content-Type": "application/json;odata=nometadata",
        "DataServiceVersion": "3.0",
        "Date": "Wed, 29 Sep 2021 20:26:32 GMT",
        "User-Agent": "azsdk-python-data-tables/12.1.1 Python/3.8.5 (Windows-10-10.0.19041-SP0)",
        "x-ms-client-request-id": "88cc9370-2163-11ec-ae83-5cf370a43880",
        "x-ms-date": "Wed, 29 Sep 2021 20:26:32 GMT",
        "x-ms-version": "2019-02-02"
      },
      "RequestBody": "{\u0022PartitionKey\u0022: \u0022foo\u0022, \u0022PartitionKey@odata.type\u0022: \u0022Edm.String\u0022, \u0022RowKey\u0022: \u0022bar1\u0022, \u0022RowKey@odata.type\u0022: \u0022Edm.String\u0022, \u0022IsAdmin\u0022: \u0022admin\u0022, \u0022IsAdmin@odata.type\u0022: \u0022Edm.String\u0022}",
      "StatusCode": 201,
      "ResponseHeaders": {
        "Cache-Control": "no-cache",
        "Content-Type": "application/json; odata=minimalmetadata; streaming=true; charset=utf-8",
        "Date": "Wed, 29 Sep 2021 20:26:32 GMT",
        "ETag": "W/\u0022datetime\u00272021-09-29T20%3A26%3A33.0709006Z\u0027\u0022",
        "Location": "https://scbeddtablesprim.table.core.windows.net/queryasynctableaf332de6(PartitionKey=\u0027foo\u0027,RowKey=\u0027bar1\u0027)",
        "Server": [
          "Windows-Azure-Table/1.0",
          "Microsoft-HTTPAPI/2.0"
        ],
        "Transfer-Encoding": "chunked",
        "X-Content-Type-Options": "nosniff",
        "x-ms-client-request-id": "88cc9370-2163-11ec-ae83-5cf370a43880",
        "x-ms-request-id": "42caa6fa-8002-0094-6470-b51470000000",
        "x-ms-version": "2019-02-02"
      },
      "ResponseBody": {
        "odata.metadata": "https://scbeddtablesprim.table.core.windows.net/$metadata#queryasynctableaf332de6/@Element",
        "odata.etag": "W/\u0022datetime\u00272021-09-29T20%3A26%3A33.0709006Z\u0027\u0022",
        "PartitionKey": "foo",
        "RowKey": "bar1",
        "Timestamp": "2021-09-29T20:26:33.0709006Z",
        "IsAdmin": "admin"
      }
    },
    {
      "RequestUri": "https://fakeendpoint.table.core.windows.net/queryasynctableaf332de6",
      "RequestMethod": "POST",
      "RequestHeaders": {
        "Accept": "application/json;odata=minimalmetadata",
        "Accept-Encoding": "gzip, deflate",
        "Authorization": "Sanitized",
        "Content-Length": "168",
        "Content-Type": "application/json;odata=nometadata",
        "DataServiceVersion": "3.0",
        "Date": "Wed, 29 Sep 2021 20:26:32 GMT",
        "User-Agent": "azsdk-python-data-tables/12.1.1 Python/3.8.5 (Windows-10-10.0.19041-SP0)",
        "x-ms-client-request-id": "88cf76a4-2163-11ec-afbf-5cf370a43880",
        "x-ms-date": "Wed, 29 Sep 2021 20:26:32 GMT",
        "x-ms-version": "2019-02-02"
      },
      "RequestBody": "{\u0022PartitionKey\u0022: \u0022foo\u0022, \u0022PartitionKey@odata.type\u0022: \u0022Edm.String\u0022, \u0022RowKey\u0022: \u0022bar2\u0022, \u0022RowKey@odata.type\u0022: \u0022Edm.String\u0022, \u0022IsAdmin\u0022: \u0022\u0022, \u0022IsAdmin@odata.type\u0022: \u0022Edm.String\u0022}",
      "StatusCode": 201,
      "ResponseHeaders": {
        "Cache-Control": "no-cache",
        "Content-Type": "application/json; odata=minimalmetadata; streaming=true; charset=utf-8",
        "Date": "Wed, 29 Sep 2021 20:26:32 GMT",
        "ETag": "W/\u0022datetime\u00272021-09-29T20%3A26%3A33.091916Z\u0027\u0022",
        "Location": "https://scbeddtablesprim.table.core.windows.net/queryasynctableaf332de6(PartitionKey=\u0027foo\u0027,RowKey=\u0027bar2\u0027)",
        "Server": [
          "Windows-Azure-Table/1.0",
          "Microsoft-HTTPAPI/2.0"
        ],
        "Transfer-Encoding": "chunked",
        "X-Content-Type-Options": "nosniff",
        "x-ms-client-request-id": "88cf76a4-2163-11ec-afbf-5cf370a43880",
        "x-ms-request-id": "42caa701-8002-0094-6970-b51470000000",
        "x-ms-version": "2019-02-02"
      },
      "ResponseBody": {
        "odata.metadata": "https://scbeddtablesprim.table.core.windows.net/$metadata#queryasynctableaf332de6/@Element",
        "odata.etag": "W/\u0022datetime\u00272021-09-29T20%3A26%3A33.091916Z\u0027\u0022",
        "PartitionKey": "foo",
        "RowKey": "bar2",
        "Timestamp": "2021-09-29T20:26:33.091916Z",
        "IsAdmin": ""
      }
    },
    {
      "RequestUri": "https://fakeendpoint.table.core.windows.net/queryasynctableaf332de6()?$filter=PartitionKey eq \u0027foo\u0027 and IsAdmin eq \u0027admin\u0027",
      "RequestMethod": "GET",
      "RequestHeaders": {
        "Accept": "application/json;odata=minimalmetadata",
        "Accept-Encoding": "gzip, deflate",
        "Authorization": "Sanitized",
        "DataServiceVersion": "3.0",
        "Date": "Wed, 29 Sep 2021 20:26:32 GMT",
        "User-Agent": "azsdk-python-data-tables/12.1.1 Python/3.8.5 (Windows-10-10.0.19041-SP0)",
        "x-ms-client-request-id": "88d2a818-2163-11ec-9be5-5cf370a43880",
        "x-ms-date": "Wed, 29 Sep 2021 20:26:32 GMT",
        "x-ms-version": "2019-02-02"
      },
      "RequestBody": null,
      "StatusCode": 200,
      "ResponseHeaders": {
        "Cache-Control": "no-cache",
        "Content-Type": "application/json; odata=minimalmetadata; streaming=true; charset=utf-8",
        "Date": "Wed, 29 Sep 2021 20:26:32 GMT",
        "Server": [
          "Windows-Azure-Table/1.0",
          "Microsoft-HTTPAPI/2.0"
        ],
        "Transfer-Encoding": "chunked",
        "X-Content-Type-Options": "nosniff",
        "x-ms-client-request-id": "88d2a818-2163-11ec-9be5-5cf370a43880",
        "x-ms-request-id": "42caa708-8002-0094-7070-b51470000000",
        "x-ms-version": "2019-02-02"
      },
      "ResponseBody": {
        "odata.metadata": "https://scbeddtablesprim.table.core.windows.net/$metadata#queryasynctableaf332de6",
        "value": [
          {
            "odata.etag": "W/\u0022datetime\u00272021-09-29T20%3A26%3A33.0709006Z\u0027\u0022",
            "PartitionKey": "foo",
            "RowKey": "bar1",
            "Timestamp": "2021-09-29T20:26:33.0709006Z",
            "IsAdmin": "admin"
          }
        ]
      }
    },
    {
      "RequestUri": "https://fakeendpoint.table.core.windows.net/queryasynctableaf332de6()?$filter=PartitionKey eq \u0027foo\u0027 or RowKey eq \u0027bar2\u0027 and IsAdmin eq \u0027admin\u0027",
      "RequestMethod": "GET",
      "RequestHeaders": {
        "Accept": "application/json;odata=minimalmetadata",
        "Accept-Encoding": "gzip, deflate",
        "Authorization": "Sanitized",
        "DataServiceVersion": "3.0",
        "Date": "Wed, 29 Sep 2021 20:26:32 GMT",
        "User-Agent": "azsdk-python-data-tables/12.1.1 Python/3.8.5 (Windows-10-10.0.19041-SP0)",
        "x-ms-client-request-id": "88d59a37-2163-11ec-887b-5cf370a43880",
        "x-ms-date": "Wed, 29 Sep 2021 20:26:32 GMT",
        "x-ms-version": "2019-02-02"
      },
      "RequestBody": null,
      "StatusCode": 200,
      "ResponseHeaders": {
        "Cache-Control": "no-cache",
        "Content-Type": "application/json; odata=minimalmetadata; streaming=true; charset=utf-8",
        "Date": "Wed, 29 Sep 2021 20:26:32 GMT",
        "Server": [
          "Windows-Azure-Table/1.0",
          "Microsoft-HTTPAPI/2.0"
        ],
        "Transfer-Encoding": "chunked",
        "X-Content-Type-Options": "nosniff",
        "x-ms-client-request-id": "88d59a37-2163-11ec-887b-5cf370a43880",
        "x-ms-request-id": "42caa70b-8002-0094-7370-b51470000000",
        "x-ms-version": "2019-02-02"
      },
      "ResponseBody": {
        "odata.metadata": "https://scbeddtablesprim.table.core.windows.net/$metadata#queryasynctableaf332de6",
        "value": [
          {
            "odata.etag": "W/\u0022datetime\u00272021-09-29T20%3A26%3A33.0709006Z\u0027\u0022",
            "PartitionKey": "foo",
            "RowKey": "bar1",
            "Timestamp": "2021-09-29T20:26:33.0709006Z",
            "IsAdmin": "admin"
          },
          {
            "odata.etag": "W/\u0022datetime\u00272021-09-29T20%3A26%3A33.091916Z\u0027\u0022",
            "PartitionKey": "foo",
            "RowKey": "bar2",
            "Timestamp": "2021-09-29T20:26:33.091916Z",
            "IsAdmin": ""
          }
        ]
      }
    },
    {
      "RequestUri": "https://fakeendpoint.table.core.windows.net/queryasynctableaf332de6()?$filter=PartitionKey eq \u0027foo\u0027\u0027 or RowKey eq \u0027\u0027bar2\u0027 and IsAdmin eq \u0027admin\u0027",
      "RequestMethod": "GET",
      "RequestHeaders": {
        "Accept": "application/json;odata=minimalmetadata",
        "Accept-Encoding": "gzip, deflate",
        "Authorization": "Sanitized",
        "DataServiceVersion": "3.0",
        "Date": "Wed, 29 Sep 2021 20:26:32 GMT",
        "User-Agent": "azsdk-python-data-tables/12.1.1 Python/3.8.5 (Windows-10-10.0.19041-SP0)",
        "x-ms-client-request-id": "88d88d21-2163-11ec-864f-5cf370a43880",
        "x-ms-date": "Wed, 29 Sep 2021 20:26:32 GMT",
        "x-ms-version": "2019-02-02"
      },
      "RequestBody": null,
      "StatusCode": 200,
      "ResponseHeaders": {
        "Cache-Control": "no-cache",
        "Content-Type": "application/json; odata=minimalmetadata; streaming=true; charset=utf-8",
        "Date": "Wed, 29 Sep 2021 20:26:32 GMT",
        "Server": [
          "Windows-Azure-Table/1.0",
          "Microsoft-HTTPAPI/2.0"
        ],
        "Transfer-Encoding": "chunked",
        "X-Content-Type-Options": "nosniff",
        "x-ms-client-request-id": "88d88d21-2163-11ec-864f-5cf370a43880",
        "x-ms-request-id": "42caa70f-8002-0094-7670-b51470000000",
        "x-ms-version": "2019-02-02"
      },
      "ResponseBody": {
        "odata.metadata": "https://scbeddtablesprim.table.core.windows.net/$metadata#queryasynctableaf332de6",
        "value": []
      }
    },
    {
      "RequestUri": "https://fakeendpoint.table.core.windows.net/Tables(\u0027queryasynctableaf332de6\u0027)",
      "RequestMethod": "DELETE",
      "RequestHeaders": {
        "Accept": "application/json",
        "Accept-Encoding": "gzip, deflate",
        "Authorization": "Sanitized",
        "Content-Length": "0",
        "Date": "Wed, 29 Sep 2021 20:26:32 GMT",
        "User-Agent": "azsdk-python-data-tables/12.1.1 Python/3.8.5 (Windows-10-10.0.19041-SP0)",
        "x-ms-client-request-id": "88db9648-2163-11ec-84d6-5cf370a43880",
        "x-ms-date": "Wed, 29 Sep 2021 20:26:32 GMT",
        "x-ms-version": "2019-02-02"
      },
      "RequestBody": null,
      "StatusCode": 204,
      "ResponseHeaders": {
        "Cache-Control": "no-cache",
        "Content-Length": "0",
        "Date": "Wed, 29 Sep 2021 20:26:32 GMT",
        "Server": [
          "Windows-Azure-Table/1.0",
          "Microsoft-HTTPAPI/2.0"
        ],
        "X-Content-Type-Options": "nosniff",
        "x-ms-client-request-id": "88db9648-2163-11ec-84d6-5cf370a43880",
        "x-ms-request-id": "42caa710-8002-0094-7770-b51470000000",
        "x-ms-version": "2019-02-02"
      },
      "ResponseBody": null
    },
    {
      "RequestUri": "https://fakeendpoint.table.core.windows.net/Tables",
      "RequestMethod": "GET",
      "RequestHeaders": {
        "Accept": "application/json;odata=minimalmetadata",
        "Accept-Encoding": "gzip, deflate",
        "Authorization": "Sanitized",
        "DataServiceVersion": "3.0",
        "Date": "Wed, 29 Sep 2021 20:26:32 GMT",
        "User-Agent": "azsdk-python-data-tables/12.1.1 Python/3.8.5 (Windows-10-10.0.19041-SP0)",
        "x-ms-client-request-id": "88df03be-2163-11ec-9f34-5cf370a43880",
        "x-ms-date": "Wed, 29 Sep 2021 20:26:32 GMT",
        "x-ms-version": "2019-02-02"
      },
      "RequestBody": null,
      "StatusCode": 200,
      "ResponseHeaders": {
        "Cache-Control": "no-cache",
        "Content-Type": "application/json; odata=minimalmetadata; streaming=true; charset=utf-8",
        "Date": "Wed, 29 Sep 2021 20:26:32 GMT",
        "Server": [
          "Windows-Azure-Table/1.0",
          "Microsoft-HTTPAPI/2.0"
        ],
        "Transfer-Encoding": "chunked",
        "X-Content-Type-Options": "nosniff",
        "x-ms-client-request-id": "88df03be-2163-11ec-9f34-5cf370a43880",
        "x-ms-request-id": "42caa718-8002-0094-7d70-b51470000000",
        "x-ms-version": "2019-02-02"
      },
      "ResponseBody": {
        "odata.metadata": "https://scbeddtablesprim.table.core.windows.net/$metadata#Tables",
        "value": [
          {
            "TableName": "uttableaf332de6"
          }
        ]
      }
    },
    {
      "RequestUri": "https://fakeendpoint.table.core.windows.net/Tables(\u0027uttableaf332de6\u0027)",
      "RequestMethod": "DELETE",
      "RequestHeaders": {
        "Accept": "application/json",
        "Accept-Encoding": "gzip, deflate",
        "Authorization": "Sanitized",
        "Content-Length": "0",
        "Date": "Wed, 29 Sep 2021 20:26:32 GMT",
        "User-Agent": "azsdk-python-data-tables/12.1.1 Python/3.8.5 (Windows-10-10.0.19041-SP0)",
        "x-ms-client-request-id": "88e20636-2163-11ec-8a9b-5cf370a43880",
        "x-ms-date": "Wed, 29 Sep 2021 20:26:32 GMT",
        "x-ms-version": "2019-02-02"
      },
      "RequestBody": null,
      "StatusCode": 204,
      "ResponseHeaders": {
        "Cache-Control": "no-cache",
        "Content-Length": "0",
        "Date": "Wed, 29 Sep 2021 20:26:33 GMT",
        "Server": [
          "Windows-Azure-Table/1.0",
          "Microsoft-HTTPAPI/2.0"
        ],
        "X-Content-Type-Options": "nosniff",
        "x-ms-client-request-id": "88e20636-2163-11ec-8a9b-5cf370a43880",
        "x-ms-request-id": "42caa71d-8002-0094-0270-b51470000000",
        "x-ms-version": "2019-02-02"
      },
      "ResponseBody": null
    }
  ],
  "Variables": {}
}
