{
  "Entries": [
    {
      "RequestUri": "https://scbeddtablesprim.table.cosmos.azure.com/Tables",
      "RequestMethod": "POST",
      "RequestHeaders": {
        "Accept": "application/json;odata=minimalmetadata",
        "Accept-Encoding": "gzip, deflate",
        "Authorization": "Sanitized",
        "Content-Length": "32",
        "Content-Type": "application/json;odata=nometadata",
        "DataServiceVersion": "3.0",
        "Date": "Wed, 29 Sep 2021 20:42:49 GMT",
        "User-Agent": "azsdk-python-data-tables/12.1.1 Python/3.8.5 (Windows-10-10.0.19041-SP0)",
        "x-ms-client-request-id": "cf8901b1-2165-11ec-bffa-5cf370a43880",
        "x-ms-date": "Wed, 29 Sep 2021 20:42:49 GMT",
        "x-ms-version": "2019-02-02"
      },
      "RequestBody": "{\u0022TableName\u0022: \u0022uttable9c073f0f\u0022}",
      "StatusCode": 201,
      "ResponseHeaders": {
        "Content-Type": "application/json; odata=minimalmetadata",
        "Date": "Wed, 29 Sep 2021 20:42:51 GMT",
        "ETag": "W/\u0022datetime\u00272021-09-29T20%3A42%3A51.0334984Z\u0027\u0022",
        "Location": "https://scbeddtablesprim.table.cosmos.azure.com/Tables(\u0027uttable9c073f0f\u0027)",
        "Transfer-Encoding": "chunked",
        "x-ms-request-id": "32b00516-3307-4c37-9e9b-de1cce6230a7"
      },
      "ResponseBody": {
        "TableName": "uttable9c073f0f",
        "odata.metadata": "https://scbeddtablesprim.table.cosmos.azure.com/$metadata#Tables/@Element"
      }
    },
    {
      "RequestUri": "https://scbeddtablesprim.table.cosmos.azure.com/uttable9c073f0f(PartitionKey=\u0027pk9c073f0f\u0027,RowKey=\u0027rk9c073f0f\u0027)",
      "RequestMethod": "PUT",
      "RequestHeaders": {
        "Accept": "application/json",
        "Accept-Encoding": "gzip, deflate",
        "Authorization": "Sanitized",
        "Content-Length": "360",
        "Content-Type": "application/json",
        "DataServiceVersion": "3.0",
        "Date": "Wed, 29 Sep 2021 20:42:50 GMT",
        "User-Agent": "azsdk-python-data-tables/12.1.1 Python/3.8.5 (Windows-10-10.0.19041-SP0)",
        "x-ms-client-request-id": "d009b954-2165-11ec-a666-5cf370a43880",
        "x-ms-date": "Wed, 29 Sep 2021 20:42:50 GMT",
        "x-ms-version": "2019-02-02"
      },
      "RequestBody": "{\u0022PartitionKey\u0022: \u0022pk9c073f0f\u0022, \u0022PartitionKey@odata.type\u0022: \u0022Edm.String\u0022, \u0022RowKey\u0022: \u0022rk9c073f0f\u0022, \u0022RowKey@odata.type\u0022: \u0022Edm.String\u0022, \u0022age\u0022: \u0022abc\u0022, \u0022age@odata.type\u0022: \u0022Edm.String\u0022, \u0022sex\u0022: \u0022female\u0022, \u0022sex@odata.type\u0022: \u0022Edm.String\u0022, \u0022sign\u0022: \u0022aquarius\u0022, \u0022sign@odata.type\u0022: \u0022Edm.String\u0022, \u0022birthday\u0022: \u00221991-10-04T00:00:00.000000Z\u0022, \u0022birthday@odata.type\u0022: \u0022Edm.DateTime\u0022}",
      "StatusCode": 204,
      "ResponseHeaders": {
        "Content-Type": "application/json",
        "Date": "Wed, 29 Sep 2021 20:42:51 GMT",
        "ETag": "W/\u0022datetime\u00272021-09-29T20%3A42%3A51.6739080Z\u0027\u0022",
        "x-ms-request-id": "4e3bac3a-bfc8-4eb2-9aa6-c1157af1194e"
      },
      "ResponseBody": null
    },
    {
      "RequestUri": "https://scbeddtablesprim.table.cosmos.azure.com/uttable9c073f0f(PartitionKey=\u0027pk9c073f0f\u0027,RowKey=\u0027rk9c073f0f\u0027)",
      "RequestMethod": "GET",
      "RequestHeaders": {
        "Accept": "application/json;odata=minimalmetadata",
        "Accept-Encoding": "gzip, deflate",
        "Authorization": "Sanitized",
        "DataServiceVersion": "3.0",
        "Date": "Wed, 29 Sep 2021 20:42:50 GMT",
        "User-Agent": "azsdk-python-data-tables/12.1.1 Python/3.8.5 (Windows-10-10.0.19041-SP0)",
        "x-ms-client-request-id": "d01a8e22-2165-11ec-b2fc-5cf370a43880",
        "x-ms-date": "Wed, 29 Sep 2021 20:42:50 GMT",
        "x-ms-version": "2019-02-02"
      },
      "RequestBody": null,
      "StatusCode": 200,
      "ResponseHeaders": {
        "Content-Type": "application/json; odata=minimalmetadata",
        "Date": "Wed, 29 Sep 2021 20:42:51 GMT",
        "ETag": "W/\u0022datetime\u00272021-09-29T20%3A42%3A51.6739080Z\u0027\u0022",
        "Transfer-Encoding": "chunked",
        "x-ms-request-id": "c512329c-56e7-4342-9fe8-5bed6de6808c"
      },
      "ResponseBody": {
        "odata.metadata": "https://scbeddtablesprim.table.cosmos.azure.com/uttable9c073f0f/$metadata#uttable9c073f0f/@Element",
        "odata.etag": "W/\u0022datetime\u00272021-09-29T20%3A42%3A51.6739080Z\u0027\u0022",
        "PartitionKey": "pk9c073f0f",
        "RowKey": "rk9c073f0f",
        "age": "abc",
        "sex": "female",
        "sign": "aquarius",
        "birthday@odata.type": "Edm.DateTime",
        "birthday": "1991-10-04T00:00:00.0000000Z",
        "Timestamp": "2021-09-29T20:42:51.6739080Z"
      }
    },
    {
      "RequestUri": "https://scbeddtablesprim.table.cosmos.azure.com/Tables",
      "RequestMethod": "GET",
      "RequestHeaders": {
        "Accept": "application/json;odata=minimalmetadata",
        "Accept-Encoding": "gzip, deflate",
        "Authorization": "Sanitized",
        "DataServiceVersion": "3.0",
        "Date": "Wed, 29 Sep 2021 20:42:50 GMT",
        "User-Agent": "azsdk-python-data-tables/12.1.1 Python/3.8.5 (Windows-10-10.0.19041-SP0)",
        "x-ms-client-request-id": "d01db4fb-2165-11ec-8035-5cf370a43880",
        "x-ms-date": "Wed, 29 Sep 2021 20:42:50 GMT",
        "x-ms-version": "2019-02-02"
      },
      "RequestBody": null,
      "StatusCode": 200,
      "ResponseHeaders": {
        "Content-Type": "application/json; odata=minimalmetadata",
        "Date": "Wed, 29 Sep 2021 20:42:51 GMT",
        "Transfer-Encoding": "chunked",
        "x-ms-request-id": "82247d1d-2828-4879-a7a6-4c2b17190280"
      },
      "ResponseBody": {
        "value": [
          {
            "TableName": "uttable9c073f0f"
          }
        ],
        "odata.metadata": "https://scbeddtablesprim.table.cosmos.azure.com/$metadata#Tables"
      }
    },
    {
      "RequestUri": "https://scbeddtablesprim.table.cosmos.azure.com/Tables(\u0027uttable9c073f0f\u0027)",
      "RequestMethod": "DELETE",
      "RequestHeaders": {
        "Accept": "application/json",
        "Accept-Encoding": "gzip, deflate",
        "Authorization": "Sanitized",
        "Content-Length": "0",
        "Date": "Wed, 29 Sep 2021 20:42:50 GMT",
        "User-Agent": "azsdk-python-data-tables/12.1.1 Python/3.8.5 (Windows-10-10.0.19041-SP0)",
        "x-ms-client-request-id": "d021030e-2165-11ec-93af-5cf370a43880",
        "x-ms-date": "Wed, 29 Sep 2021 20:42:50 GMT",
        "x-ms-version": "2019-02-02"
      },
      "RequestBody": null,
      "StatusCode": 204,
      "ResponseHeaders": {
        "Date": "Wed, 29 Sep 2021 20:42:51 GMT",
        "x-ms-request-id": "bf698278-812e-49e4-8e47-e5eb93200854"
      },
      "ResponseBody": null
    }
  ],
  "Variables": {}
}
