{
  "Entries": [
    {
      "RequestUri": "https://scbeddtablesprim.table.cosmos.azure.com/Tables",
      "RequestMethod": "POST",
      "RequestHeaders": {
        "Accept": "application/json;odata=minimalmetadata",
        "Accept-Encoding": "gzip, deflate",
        "Authorization": "Sanitized",
        "Content-Length": "32",
        "Content-Type": "application/json;odata=nometadata",
        "DataServiceVersion": "3.0",
        "Date": "Wed, 29 Sep 2021 20:42:12 GMT",
        "User-Agent": "azsdk-python-data-tables/12.1.1 Python/3.8.5 (Windows-10-10.0.19041-SP0)",
        "x-ms-client-request-id": "b923f9cc-2165-11ec-aff7-5cf370a43880",
        "x-ms-date": "Wed, 29 Sep 2021 20:42:12 GMT",
        "x-ms-version": "2019-02-02"
      },
      "RequestBody": "{\u0022TableName\u0022: \u0022uttablea96e3434\u0022}",
      "StatusCode": 201,
      "ResponseHeaders": {
        "Content-Type": "application/json; odata=minimalmetadata",
        "Date": "Wed, 29 Sep 2021 20:42:13 GMT",
        "ETag": "W/\u0022datetime\u00272021-09-29T20%3A42%3A13.3937160Z\u0027\u0022",
        "Location": "https://scbeddtablesprim.table.cosmos.azure.com/Tables(\u0027uttablea96e3434\u0027)",
        "Transfer-Encoding": "chunked",
        "x-ms-request-id": "be752a74-6f41-4191-9f4d-d6d862a160ad"
      },
      "ResponseBody": {
        "TableName": "uttablea96e3434",
        "odata.metadata": "https://scbeddtablesprim.table.cosmos.azure.com/$metadata#Tables/@Element"
      }
    },
    {
      "RequestUri": "https://scbeddtablesprim.table.cosmos.azure.com/uttablea96e3434",
      "RequestMethod": "POST",
      "RequestHeaders": {
        "Accept": "application/json;odata=minimalmetadata",
        "Accept-Encoding": "gzip, deflate",
        "Authorization": "Sanitized",
        "Content-Length": "711",
        "Content-Type": "application/json;odata=nometadata",
        "DataServiceVersion": "3.0",
        "Date": "Wed, 29 Sep 2021 20:42:13 GMT",
        "User-Agent": "azsdk-python-data-tables/12.1.1 Python/3.8.5 (Windows-10-10.0.19041-SP0)",
        "x-ms-client-request-id": "b98d7fd7-2165-11ec-a7f1-5cf370a43880",
        "x-ms-date": "Wed, 29 Sep 2021 20:42:13 GMT",
        "x-ms-version": "2019-02-02"
      },
      "RequestBody": "{\u0022PartitionKey\u0022: \u0022pka96e3434\u0022, \u0022PartitionKey@odata.type\u0022: \u0022Edm.String\u0022, \u0022RowKey\u0022: \u0022rka96e3434\u0022, \u0022RowKey@odata.type\u0022: \u0022Edm.String\u0022, \u0022age\u0022: 39, \u0022sex\u0022: \u0022male\u0022, \u0022sex@odata.type\u0022: \u0022Edm.String\u0022, \u0022married\u0022: true, \u0022deceased\u0022: false, \u0022ratio\u0022: 3.1, \u0022ratio@odata.type\u0022: \u0022Edm.Double\u0022, \u0022evenratio\u0022: 3.0, \u0022evenratio@odata.type\u0022: \u0022Edm.Double\u0022, \u0022double\u0022: 5, \u0022double@odata.type\u0022: \u0022Edm.Double\u0022, \u0022large\u0022: 933311100, \u0022Birthday\u0022: \u00221973-10-04T00:00:00.000000Z\u0022, \u0022Birthday@odata.type\u0022: \u0022Edm.DateTime\u0022, \u0022birthday\u0022: \u00221970-10-04T00:00:00.000000Z\u0022, \u0022birthday@odata.type\u0022: \u0022Edm.DateTime\u0022, \u0022binary\u0022: \u0022YmluYXJ5\u0022, \u0022binary@odata.type\u0022: \u0022Edm.Binary\u0022, \u0022other\u0022: 20, \u0022clsid\u0022: \u0022c9da6455-213d-42c9-9a79-3e9149a57833\u0022, \u0022clsid@odata.type\u0022: \u0022Edm.Guid\u0022}",
      "StatusCode": 201,
      "ResponseHeaders": {
        "Content-Type": "application/json; odata=minimalmetadata",
        "Date": "Wed, 29 Sep 2021 20:42:13 GMT",
        "ETag": "W/\u0022datetime\u00272021-09-29T20%3A42%3A13.9495432Z\u0027\u0022",
        "Location": "https://scbeddtablesprim.table.cosmos.azure.com/uttablea96e3434(PartitionKey=\u0027pka96e3434\u0027,RowKey=\u0027rka96e3434\u0027)",
        "Transfer-Encoding": "chunked",
        "x-ms-request-id": "c2530fd1-ba4c-4092-8f77-7a78d017e371"
      },
      "ResponseBody": {
        "odata.metadata": "https://scbeddtablesprim.table.cosmos.azure.com/uttablea96e3434/$metadata#uttablea96e3434/@Element",
        "odata.etag": "W/\u0022datetime\u00272021-09-29T20%3A42%3A13.9495432Z\u0027\u0022",
        "PartitionKey": "pka96e3434",
        "RowKey": "rka96e3434",
        "age": 39,
        "sex": "male",
        "married": true,
        "deceased": false,
        "ratio": 3.1,
        "evenratio": 3.0,
        "double": 5.0,
        "large": 933311100,
        "Birthday@odata.type": "Edm.DateTime",
        "Birthday": "1973-10-04T00:00:00.0000000Z",
        "birthday@odata.type": "Edm.DateTime",
        "birthday": "1970-10-04T00:00:00.0000000Z",
        "binary@odata.type": "Edm.Binary",
        "binary": "YmluYXJ5",
        "other": 20,
        "clsid@odata.type": "Edm.Guid",
        "clsid": "c9da6455-213d-42c9-9a79-3e9149a57833",
        "Timestamp": "2021-09-29T20:42:13.9495432Z"
      }
    },
    {
      "RequestUri": "https://scbeddtablesprim.table.cosmos.azure.com/uttablea96e3434(PartitionKey=\u0027pka96e3434\u0027,RowKey=\u0027rka96e3434\u0027)",
      "RequestMethod": "GET",
      "RequestHeaders": {
        "Accept": "application/json;odata=minimalmetadata",
        "Accept-Encoding": "gzip, deflate",
        "Authorization": "Sanitized",
        "DataServiceVersion": "3.0",
        "Date": "Wed, 29 Sep 2021 20:42:13 GMT",
        "User-Agent": "azsdk-python-data-tables/12.1.1 Python/3.8.5 (Windows-10-10.0.19041-SP0)",
        "x-ms-client-request-id": "b99e4798-2165-11ec-8675-5cf370a43880",
        "x-ms-date": "Wed, 29 Sep 2021 20:42:13 GMT",
        "x-ms-version": "2019-02-02"
      },
      "RequestBody": null,
      "StatusCode": 200,
      "ResponseHeaders": {
        "Content-Type": "application/json; odata=minimalmetadata",
        "Date": "Wed, 29 Sep 2021 20:42:13 GMT",
        "ETag": "W/\u0022datetime\u00272021-09-29T20%3A42%3A13.9495432Z\u0027\u0022",
        "Transfer-Encoding": "chunked",
        "x-ms-request-id": "30085ea6-7649-49cf-a548-9acc6828ba24"
      },
      "ResponseBody": {
        "odata.metadata": "https://scbeddtablesprim.table.cosmos.azure.com/uttablea96e3434/$metadata#uttablea96e3434/@Element",
        "odata.etag": "W/\u0022datetime\u00272021-09-29T20%3A42%3A13.9495432Z\u0027\u0022",
        "PartitionKey": "pka96e3434",
        "RowKey": "rka96e3434",
        "age": 39,
        "sex": "male",
        "married": true,
        "deceased": false,
        "ratio": 3.1,
        "evenratio": 3.0,
        "double": 5.0,
        "large": 933311100,
        "Birthday@odata.type": "Edm.DateTime",
        "Birthday": "1973-10-04T00:00:00.0000000Z",
        "birthday@odata.type": "Edm.DateTime",
        "birthday": "1970-10-04T00:00:00.0000000Z",
        "binary@odata.type": "Edm.Binary",
        "binary": "YmluYXJ5",
        "other": 20,
        "clsid@odata.type": "Edm.Guid",
        "clsid": "c9da6455-213d-42c9-9a79-3e9149a57833",
        "Timestamp": "2021-09-29T20:42:13.9495432Z"
      }
    },
    {
      "RequestUri": "https://scbeddtablesprim.table.cosmos.azure.com/Tables",
      "RequestMethod": "GET",
      "RequestHeaders": {
        "Accept": "application/json;odata=minimalmetadata",
        "Accept-Encoding": "gzip, deflate",
        "Authorization": "Sanitized",
        "DataServiceVersion": "3.0",
        "Date": "Wed, 29 Sep 2021 20:42:13 GMT",
        "User-Agent": "azsdk-python-data-tables/12.1.1 Python/3.8.5 (Windows-10-10.0.19041-SP0)",
        "x-ms-client-request-id": "b9a1838f-2165-11ec-bf7d-5cf370a43880",
        "x-ms-date": "Wed, 29 Sep 2021 20:42:13 GMT",
        "x-ms-version": "2019-02-02"
      },
      "RequestBody": null,
      "StatusCode": 200,
      "ResponseHeaders": {
        "Content-Type": "application/json; odata=minimalmetadata",
        "Date": "Wed, 29 Sep 2021 20:42:13 GMT",
        "Transfer-Encoding": "chunked",
        "x-ms-request-id": "220c3466-fd81-4b18-9eba-db1a7259a216"
      },
      "ResponseBody": {
        "value": [
          {
            "TableName": "uttablea96e3434"
          }
        ],
        "odata.metadata": "https://scbeddtablesprim.table.cosmos.azure.com/$metadata#Tables"
      }
    },
    {
      "RequestUri": "https://scbeddtablesprim.table.cosmos.azure.com/Tables(\u0027uttablea96e3434\u0027)",
      "RequestMethod": "DELETE",
      "RequestHeaders": {
        "Accept": "application/json",
        "Accept-Encoding": "gzip, deflate",
        "Authorization": "Sanitized",
        "Content-Length": "0",
        "Date": "Wed, 29 Sep 2021 20:42:13 GMT",
        "User-Agent": "azsdk-python-data-tables/12.1.1 Python/3.8.5 (Windows-10-10.0.19041-SP0)",
        "x-ms-client-request-id": "b9a4dbf1-2165-11ec-b2c4-5cf370a43880",
        "x-ms-date": "Wed, 29 Sep 2021 20:42:13 GMT",
        "x-ms-version": "2019-02-02"
      },
      "RequestBody": null,
      "StatusCode": 204,
      "ResponseHeaders": {
        "Date": "Wed, 29 Sep 2021 20:42:13 GMT",
        "x-ms-request-id": "9a577c3e-88d9-4b73-9492-4c1eb56b9583"
      },
      "ResponseBody": null
    }
  ],
  "Variables": {}
}
