{
  "Entries": [
    {
      "RequestUri": "https://login.microsoftonline.com/72f988bf-86f1-41af-91ab-2d7cd011db47/oauth2/v2.0/token",
      "RequestMethod": "POST",
      "RequestHeaders": {
        "Accept": "*/*",
        "Accept-Encoding": "gzip, deflate",
        "Content-Length": "176",
        "Content-Type": "application/x-www-form-urlencoded",
        "User-Agent": "azsdk-python-identity/1.6.1 Python/3.8.5 (Windows-10-10.0.19041-SP0)"
      },
      "RequestBody": "client_id=fe2bb1fd-2592-4a2f-ae44-b36b9357878e\u0026client_secret=833c45e9-84b5-45cc-9188-878f31bb4cfc\u0026grant_type=client_credentials\u0026scope=https%3A%2F%2Fstorage.azure.com%2F.default",
      "StatusCode": 200,
      "ResponseHeaders": {
        "Cache-Control": "no-store, no-cache",
        "Content-Length": "1318",
        "Content-Type": "application/json; charset=utf-8",
        "Date": "Wed, 29 Sep 2021 20:01:29 GMT",
        "Expires": "-1",
        "P3P": "CP=\u0022DSP CUR OTPi IND OTRi ONL FIN\u0022",
        "Pragma": "no-cache",
        "Set-Cookie": [
          "fpc=AjTPHwRmebVKnGfE9l0DuTeKi9K7CQAAANC85tgOAAAA; expires=Fri, 29-Oct-2021 20:01:29 GMT; path=/; secure; HttpOnly; SameSite=None",
          "x-ms-gateway-slice=estsfd; path=/; secure; samesite=none; httponly",
          "stsservicecookie=estsfd; path=/; secure; samesite=none; httponly"
        ],
        "Strict-Transport-Security": "max-age=31536000; includeSubDomains",
        "X-Content-Type-Options": "nosniff",
        "x-ms-ests-server": "2.1.12071.23 - SCUS ProdSlices",
        "x-ms-request-id": "043119a0-ef4b-4028-9069-f8a628810e00"
      },
      "ResponseBody": {
        "token_type": "Bearer",
        "expires_in": 86399,
        "ext_expires_in": 86399,
        "access_token": "eyJ0eXAiOiJKV1QiLCJhbGciOiJSUzI1NiIsIng1dCI6Imwzc1EtNTBjQ0g0eEJWWkxIVEd3blNSNzY4MCIsImtpZCI6Imwzc1EtNTBjQ0g0eEJWWkxIVEd3blNSNzY4MCJ9.eyJhdWQiOiJodHRwczovL3N0b3JhZ2UuYXp1cmUuY29tIiwiaXNzIjoiaHR0cHM6Ly9zdHMud2luZG93cy5uZXQvNzJmOTg4YmYtODZmMS00MWFmLTkxYWItMmQ3Y2QwMTFkYjQ3LyIsImlhdCI6MTYzMjk0NTM4OSwibmJmIjoxNjMyOTQ1Mzg5LCJleHAiOjE2MzMwMzIwODksImFpbyI6IkUyWmdZQkRMZTNKZUlHaDJybmJCbEhjZnJtYXdBd0E9IiwiYXBwaWQiOiJmZTJiYjFmZC0yNTkyLTRhMmYtYWU0NC1iMzZiOTM1Nzg3OGUiLCJhcHBpZGFjciI6IjEiLCJpZHAiOiJodHRwczovL3N0cy53aW5kb3dzLm5ldC83MmY5ODhiZi04NmYxLTQxYWYtOTFhYi0yZDdjZDAxMWRiNDcvIiwib2lkIjoiYjUxYTNiOTgtM2JkYi00MDM5LTk5MDItYjAyZjkzY2RlMGI2IiwicmgiOiIwLkFRRUF2NGo1Y3ZHR3IwR1JxeTE4MEJIYlJfMnhLXzZTSlM5S3JrU3phNU5YaDQ0YUFBQS4iLCJzdWIiOiJiNTFhM2I5OC0zYmRiLTQwMzktOTkwMi1iMDJmOTNjZGUwYjYiLCJ0aWQiOiI3MmY5ODhiZi04NmYxLTQxYWYtOTFhYi0yZDdjZDAxMWRiNDciLCJ1dGkiOiJvQmt4QkV2dktFQ1FhZmltS0lFT0FBIiwidmVyIjoiMS4wIn0.CKtGRa9C899ShJywr1E9rU8bvO8ja7XKR3xZyoU7CRrQz2YGlSAgAGZLBCJkCPd3Ijfp_bKMiZogPPRmRyz8YApBmbbECoZ6c_3qPLATd7xxRdSs_UJCf5FVUQ-FXk1JPk8tiHIIvtPtS8isUC6kzONo4ZYr-Edd61I2_bvSqA1Et6wMiulAQwkoOhOMqyKGRoGsEpsyYKC0QHZIGYZtfmA_S0fcQDAKc9Sda9MNydUblB8TyIvw-UZCIy1a1M9AFJHnffukMKJcj9w7BdEmaWfbxrT-M2USemaqJToNUflCndSYKEdPixKokVmMykvGdxACEBV0REVowti058APJQ"
      }
    },
    {
      "RequestUri": "https://fakeendpoint.table.core.windows.net/Tables",
      "RequestMethod": "POST",
      "RequestHeaders": {
        "Accept": "application/json;odata=minimalmetadata",
        "Accept-Encoding": "gzip, deflate",
        "Authorization": "Sanitized",
        "Content-Length": "37",
        "Content-Type": "application/json;odata=nometadata",
        "DataServiceVersion": "3.0",
        "Date": "Wed, 29 Sep 2021 20:01:28 GMT",
        "User-Agent": "azsdk-python-data-tables/12.1.1 Python/3.8.5 (Windows-10-10.0.19041-SP0)",
        "x-ms-client-request-id": "08670050-2160-11ec-8e56-5cf370a43880",
        "x-ms-date": "Wed, 29 Sep 2021 20:01:28 GMT",
        "x-ms-version": "2019-02-02"
      },
      "RequestBody": "{\u0022TableName\u0022: \u0022pytableasync9b482843\u0022}",
      "StatusCode": 201,
      "ResponseHeaders": {
        "Cache-Control": "no-cache",
        "Content-Type": "application/json; odata=minimalmetadata; streaming=true; charset=utf-8",
        "Date": "Wed, 29 Sep 2021 20:01:28 GMT",
        "Location": "https://scbeddtablesprim.table.core.windows.net/Tables(\u0027pytableasync9b482843\u0027)",
        "Server": [
          "Windows-Azure-Table/1.0",
          "Microsoft-HTTPAPI/2.0"
        ],
        "Transfer-Encoding": "chunked",
        "X-Content-Type-Options": "nosniff",
        "x-ms-client-request-id": "08670050-2160-11ec-8e56-5cf370a43880",
        "x-ms-request-id": "0bec736a-8002-0002-1a6c-b51da1000000",
        "x-ms-version": "2019-02-02"
      },
      "ResponseBody": {
        "odata.metadata": "https://scbeddtablesprim.table.core.windows.net/$metadata#Tables/@Element",
        "TableName": "pytableasync9b482843"
      }
    },
    {
      "RequestUri": "https://fakeendpoint.table.core.windows.net/Tables",
      "RequestMethod": "GET",
      "RequestHeaders": {
        "Accept": "application/json;odata=minimalmetadata",
        "Accept-Encoding": "gzip, deflate",
        "Authorization": "Sanitized",
        "DataServiceVersion": "3.0",
        "Date": "Wed, 29 Sep 2021 20:01:28 GMT",
        "User-Agent": "azsdk-python-data-tables/12.1.1 Python/3.8.5 (Windows-10-10.0.19041-SP0)",
        "x-ms-client-request-id": "08832663-2160-11ec-8a72-5cf370a43880",
        "x-ms-date": "Wed, 29 Sep 2021 20:01:28 GMT",
        "x-ms-version": "2019-02-02"
      },
      "RequestBody": null,
      "StatusCode": 200,
      "ResponseHeaders": {
        "Cache-Control": "no-cache",
        "Content-Type": "application/json; odata=minimalmetadata; streaming=true; charset=utf-8",
        "Date": "Wed, 29 Sep 2021 20:01:28 GMT",
        "Server": [
          "Windows-Azure-Table/1.0",
          "Microsoft-HTTPAPI/2.0"
        ],
        "Transfer-Encoding": "chunked",
        "X-Content-Type-Options": "nosniff",
        "x-ms-client-request-id": "08832663-2160-11ec-8a72-5cf370a43880",
        "x-ms-request-id": "0bec736d-8002-0002-1b6c-b51da1000000",
        "x-ms-version": "2019-02-02"
      },
      "ResponseBody": {
        "odata.metadata": "https://scbeddtablesprim.table.core.windows.net/$metadata#Tables",
        "value": [
          {
            "TableName": "pytableasync9b482843"
          }
        ]
      }
    },
    {
      "RequestUri": "https://fakeendpoint.table.core.windows.net/Tables(\u0027pytableasync9b482843\u0027)",
      "RequestMethod": "DELETE",
      "RequestHeaders": {
        "Accept": "application/json",
        "Accept-Encoding": "gzip, deflate",
        "Authorization": "Sanitized",
        "Content-Length": "0",
        "Date": "Wed, 29 Sep 2021 20:01:28 GMT",
        "User-Agent": "azsdk-python-data-tables/12.1.1 Python/3.8.5 (Windows-10-10.0.19041-SP0)",
        "x-ms-client-request-id": "08880b1f-2160-11ec-8f5a-5cf370a43880",
        "x-ms-date": "Wed, 29 Sep 2021 20:01:28 GMT",
        "x-ms-version": "2019-02-02"
      },
      "RequestBody": null,
      "StatusCode": 204,
      "ResponseHeaders": {
        "Cache-Control": "no-cache",
        "Content-Length": "0",
        "Date": "Wed, 29 Sep 2021 20:01:28 GMT",
        "Server": [
          "Windows-Azure-Table/1.0",
          "Microsoft-HTTPAPI/2.0"
        ],
        "X-Content-Type-Options": "nosniff",
        "x-ms-client-request-id": "08880b1f-2160-11ec-8f5a-5cf370a43880",
        "x-ms-request-id": "0bec7370-8002-0002-1e6c-b51da1000000",
        "x-ms-version": "2019-02-02"
      },
      "ResponseBody": null
    },
    {
      "RequestUri": "https://fakeendpoint.table.core.windows.net/Tables",
      "RequestMethod": "GET",
      "RequestHeaders": {
        "Accept": "application/json;odata=minimalmetadata",
        "Accept-Encoding": "gzip, deflate",
        "Authorization": "Sanitized",
        "DataServiceVersion": "3.0",
        "Date": "Wed, 29 Sep 2021 20:01:28 GMT",
        "User-Agent": "azsdk-python-data-tables/12.1.1 Python/3.8.5 (Windows-10-10.0.19041-SP0)",
        "x-ms-client-request-id": "088e5a05-2160-11ec-9f50-5cf370a43880",
        "x-ms-date": "Wed, 29 Sep 2021 20:01:28 GMT",
        "x-ms-version": "2019-02-02"
      },
      "RequestBody": null,
      "StatusCode": 200,
      "ResponseHeaders": {
        "Cache-Control": "no-cache",
        "Content-Type": "application/json; odata=minimalmetadata; streaming=true; charset=utf-8",
        "Date": "Wed, 29 Sep 2021 20:01:28 GMT",
        "Server": [
          "Windows-Azure-Table/1.0",
          "Microsoft-HTTPAPI/2.0"
        ],
        "Transfer-Encoding": "chunked",
        "X-Content-Type-Options": "nosniff",
        "x-ms-client-request-id": "088e5a05-2160-11ec-9f50-5cf370a43880",
        "x-ms-request-id": "0bec7372-8002-0002-206c-b51da1000000",
        "x-ms-version": "2019-02-02"
      },
      "ResponseBody": {
        "odata.metadata": "https://scbeddtablesprim.table.core.windows.net/$metadata#Tables",
        "value": []
      }
    },
    {
      "RequestUri": "https://fakeendpoint.table.core.windows.net/Tables(\u0027pytableasync9b482843\u0027)",
      "RequestMethod": "DELETE",
      "RequestHeaders": {
        "Accept": "application/json",
        "Accept-Encoding": "gzip, deflate",
        "Authorization": "Sanitized",
        "Content-Length": "0",
        "Date": "Wed, 29 Sep 2021 20:01:28 GMT",
        "User-Agent": "azsdk-python-data-tables/12.1.1 Python/3.8.5 (Windows-10-10.0.19041-SP0)",
        "x-ms-client-request-id": "089451ac-2160-11ec-8f95-5cf370a43880",
        "x-ms-date": "Wed, 29 Sep 2021 20:01:28 GMT",
        "x-ms-version": "2019-02-02"
      },
      "RequestBody": null,
      "StatusCode": 404,
      "ResponseHeaders": {
        "Cache-Control": "no-cache",
        "Content-Type": "application/json; odata=minimalmetadata; streaming=true; charset=utf-8",
        "Date": "Wed, 29 Sep 2021 20:01:28 GMT",
        "Server": [
          "Windows-Azure-Table/1.0",
          "Microsoft-HTTPAPI/2.0"
        ],
        "Transfer-Encoding": "chunked",
        "X-Content-Type-Options": "nosniff",
        "x-ms-client-request-id": "089451ac-2160-11ec-8f95-5cf370a43880",
        "x-ms-request-id": "0bec7377-8002-0002-236c-b51da1000000",
        "x-ms-version": "2019-02-02"
      },
      "ResponseBody": {
        "odata.error": {
          "code": "ResourceNotFound",
          "message": {
            "lang": "en-US",
            "value": "The specified resource does not exist.\nRequestId:0bec7377-8002-0002-236c-b51da1000000\nTime:2021-09-29T20:01:29.4677357Z"
          }
        }
      }
    }
  ],
  "Variables": {}
}
