{
  "Entries": [
    {
      "RequestUri": "https://scbeddtablesprim.table.cosmos.azure.com/Tables",
      "RequestMethod": "POST",
      "RequestHeaders": {
        "Accept": "application/json;odata=minimalmetadata",
        "Accept-Encoding": "gzip, deflate",
        "Authorization": "Sanitized",
        "Content-Length": "32",
        "Content-Type": "application/json;odata=nometadata",
        "DataServiceVersion": "3.0",
        "Date": "Wed, 29 Sep 2021 20:42:26 GMT",
        "User-Agent": "azsdk-python-data-tables/12.1.1 Python/3.8.5 (Windows-10-10.0.19041-SP0)",
        "x-ms-client-request-id": "c1dc8498-2165-11ec-9b91-5cf370a43880",
        "x-ms-date": "Wed, 29 Sep 2021 20:42:26 GMT",
        "x-ms-version": "2019-02-02"
      },
      "RequestBody": "{\u0022TableName\u0022: \u0022uttable723233ae\u0022}",
      "StatusCode": 201,
      "ResponseHeaders": {
        "Content-Type": "application/json; odata=minimalmetadata",
        "Date": "Wed, 29 Sep 2021 20:42:28 GMT",
        "ETag": "W/\u0022datetime\u00272021-09-29T20%3A42%3A28.1257992Z\u0027\u0022",
        "Location": "https://scbeddtablesprim.table.cosmos.azure.com/Tables(\u0027uttable723233ae\u0027)",
        "Transfer-Encoding": "chunked",
        "x-ms-request-id": "38a64923-3a7c-4d6e-b976-dd17c1acf490"
      },
      "ResponseBody": {
        "TableName": "uttable723233ae",
        "odata.metadata": "https://scbeddtablesprim.table.cosmos.azure.com/$metadata#Tables/@Element"
      }
    },
    {
      "RequestUri": "https://scbeddtablesprim.table.cosmos.azure.com/uttable723233ae",
      "RequestMethod": "POST",
      "RequestHeaders": {
        "Accept": "application/json;odata=minimalmetadata",
        "Accept-Encoding": "gzip, deflate",
        "Authorization": "Sanitized",
        "Content-Length": "711",
        "Content-Type": "application/json;odata=nometadata",
        "DataServiceVersion": "3.0",
        "Date": "Wed, 29 Sep 2021 20:42:27 GMT",
        "User-Agent": "azsdk-python-data-tables/12.1.1 Python/3.8.5 (Windows-10-10.0.19041-SP0)",
        "x-ms-client-request-id": "c2733b81-2165-11ec-8517-5cf370a43880",
        "x-ms-date": "Wed, 29 Sep 2021 20:42:27 GMT",
        "x-ms-version": "2019-02-02"
      },
      "RequestBody": "{\u0022PartitionKey\u0022: \u0022pk723233ae\u0022, \u0022PartitionKey@odata.type\u0022: \u0022Edm.String\u0022, \u0022RowKey\u0022: \u0022rk723233ae\u0022, \u0022RowKey@odata.type\u0022: \u0022Edm.String\u0022, \u0022age\u0022: 39, \u0022sex\u0022: \u0022male\u0022, \u0022sex@odata.type\u0022: \u0022Edm.String\u0022, \u0022married\u0022: true, \u0022deceased\u0022: false, \u0022ratio\u0022: 3.1, \u0022ratio@odata.type\u0022: \u0022Edm.Double\u0022, \u0022evenratio\u0022: 3.0, \u0022evenratio@odata.type\u0022: \u0022Edm.Double\u0022, \u0022double\u0022: 5, \u0022double@odata.type\u0022: \u0022Edm.Double\u0022, \u0022large\u0022: 933311100, \u0022Birthday\u0022: \u00221973-10-04T00:00:00.000000Z\u0022, \u0022Birthday@odata.type\u0022: \u0022Edm.DateTime\u0022, \u0022birthday\u0022: \u00221970-10-04T00:00:00.000000Z\u0022, \u0022birthday@odata.type\u0022: \u0022Edm.DateTime\u0022, \u0022binary\u0022: \u0022YmluYXJ5\u0022, \u0022binary@odata.type\u0022: \u0022Edm.Binary\u0022, \u0022other\u0022: 20, \u0022clsid\u0022: \u0022c9da6455-213d-42c9-9a79-3e9149a57833\u0022, \u0022clsid@odata.type\u0022: \u0022Edm.Guid\u0022}",
      "StatusCode": 201,
      "ResponseHeaders": {
        "Content-Type": "application/json; odata=minimalmetadata",
        "Date": "Wed, 29 Sep 2021 20:42:28 GMT",
        "ETag": "W/\u0022datetime\u00272021-09-29T20%3A42%3A28.8274440Z\u0027\u0022",
        "Location": "https://scbeddtablesprim.table.cosmos.azure.com/uttable723233ae(PartitionKey=\u0027pk723233ae\u0027,RowKey=\u0027rk723233ae\u0027)",
        "Transfer-Encoding": "chunked",
        "x-ms-request-id": "b81bbae2-818a-405e-a048-915aa9422cb9"
      },
      "ResponseBody": {
        "odata.metadata": "https://scbeddtablesprim.table.cosmos.azure.com/uttable723233ae/$metadata#uttable723233ae/@Element",
        "odata.etag": "W/\u0022datetime\u00272021-09-29T20%3A42%3A28.8274440Z\u0027\u0022",
        "PartitionKey": "pk723233ae",
        "RowKey": "rk723233ae",
        "age": 39,
        "sex": "male",
        "married": true,
        "deceased": false,
        "ratio": 3.1,
        "evenratio": 3.0,
        "double": 5.0,
        "large": 933311100,
        "Birthday@odata.type": "Edm.DateTime",
        "Birthday": "1973-10-04T00:00:00.0000000Z",
        "birthday@odata.type": "Edm.DateTime",
        "birthday": "1970-10-04T00:00:00.0000000Z",
        "binary@odata.type": "Edm.Binary",
        "binary": "YmluYXJ5",
        "other": 20,
        "clsid@odata.type": "Edm.Guid",
        "clsid": "c9da6455-213d-42c9-9a79-3e9149a57833",
        "Timestamp": "2021-09-29T20:42:28.8274440Z"
      }
    },
    {
      "RequestUri": "https://scbeddtablesprim.table.cosmos.azure.com/uttable723233ae(PartitionKey=\u0027pk723233ae\u0027,RowKey=\u0027rk723233ae\u0027)?$select=age,ratio",
      "RequestMethod": "GET",
      "RequestHeaders": {
        "Accept": "application/json;odata=minimalmetadata",
        "Accept-Encoding": "gzip, deflate",
        "Authorization": "Sanitized",
        "DataServiceVersion": "3.0",
        "Date": "Wed, 29 Sep 2021 20:42:27 GMT",
        "User-Agent": "azsdk-python-data-tables/12.1.1 Python/3.8.5 (Windows-10-10.0.19041-SP0)",
        "x-ms-client-request-id": "c27c8bde-2165-11ec-9138-5cf370a43880",
        "x-ms-date": "Wed, 29 Sep 2021 20:42:27 GMT",
        "x-ms-version": "2019-02-02"
      },
      "RequestBody": null,
      "StatusCode": 200,
      "ResponseHeaders": {
        "Content-Type": "application/json; odata=minimalmetadata",
        "Date": "Wed, 29 Sep 2021 20:42:28 GMT",
        "ETag": "W/\u0022datetime\u00272021-09-29T20%3A42%3A28.8274440Z\u0027\u0022",
        "Transfer-Encoding": "chunked",
        "x-ms-request-id": "55ff2f54-0c05-4199-bb59-eae88c5f03aa"
      },
      "ResponseBody": {
        "odata.metadata": "https://scbeddtablesprim.table.cosmos.azure.com/uttable723233ae/$metadata#uttable723233ae/@Element",
        "odata.etag": "W/\u0022datetime\u00272021-09-29T20%3A42%3A28.8274440Z\u0027\u0022",
        "age": 39,
        "ratio": 3.1
      }
    },
    {
      "RequestUri": "https://scbeddtablesprim.table.cosmos.azure.com/uttable723233ae(PartitionKey=\u0027pk723233ae\u0027,RowKey=\u0027rk723233ae\u0027)?$select=age,ratio",
      "RequestMethod": "GET",
      "RequestHeaders": {
        "Accept": "application/json;odata=minimalmetadata",
        "Accept-Encoding": "gzip, deflate",
        "Authorization": "Sanitized",
        "DataServiceVersion": "3.0",
        "Date": "Wed, 29 Sep 2021 20:42:28 GMT",
        "User-Agent": "azsdk-python-data-tables/12.1.1 Python/3.8.5 (Windows-10-10.0.19041-SP0)",
        "x-ms-client-request-id": "c2826bc8-2165-11ec-a72b-5cf370a43880",
        "x-ms-date": "Wed, 29 Sep 2021 20:42:28 GMT",
        "x-ms-version": "2019-02-02"
      },
      "RequestBody": null,
      "StatusCode": 200,
      "ResponseHeaders": {
        "Content-Type": "application/json; odata=minimalmetadata",
        "Date": "Wed, 29 Sep 2021 20:42:28 GMT",
        "ETag": "W/\u0022datetime\u00272021-09-29T20%3A42%3A28.8274440Z\u0027\u0022",
        "Transfer-Encoding": "chunked",
        "x-ms-request-id": "aebcd956-de67-4cbb-a1e9-630b2272e3b5"
      },
      "ResponseBody": {
        "odata.metadata": "https://scbeddtablesprim.table.cosmos.azure.com/uttable723233ae/$metadata#uttable723233ae/@Element",
        "odata.etag": "W/\u0022datetime\u00272021-09-29T20%3A42%3A28.8274440Z\u0027\u0022",
        "age": 39,
        "ratio": 3.1
      }
    },
    {
      "RequestUri": "https://scbeddtablesprim.table.cosmos.azure.com/Tables",
      "RequestMethod": "GET",
      "RequestHeaders": {
        "Accept": "application/json;odata=minimalmetadata",
        "Accept-Encoding": "gzip, deflate",
        "Authorization": "Sanitized",
        "DataServiceVersion": "3.0",
        "Date": "Wed, 29 Sep 2021 20:42:28 GMT",
        "User-Agent": "azsdk-python-data-tables/12.1.1 Python/3.8.5 (Windows-10-10.0.19041-SP0)",
        "x-ms-client-request-id": "c2880f0b-2165-11ec-980b-5cf370a43880",
        "x-ms-date": "Wed, 29 Sep 2021 20:42:28 GMT",
        "x-ms-version": "2019-02-02"
      },
      "RequestBody": null,
      "StatusCode": 200,
      "ResponseHeaders": {
        "Content-Type": "application/json; odata=minimalmetadata",
        "Date": "Wed, 29 Sep 2021 20:42:28 GMT",
        "Transfer-Encoding": "chunked",
        "x-ms-request-id": "3c514a2a-4a73-4e5e-9977-70062d52eede"
      },
      "ResponseBody": {
        "value": [
          {
            "TableName": "uttable723233ae"
          }
        ],
        "odata.metadata": "https://scbeddtablesprim.table.cosmos.azure.com/$metadata#Tables"
      }
    },
    {
      "RequestUri": "https://scbeddtablesprim.table.cosmos.azure.com/Tables(\u0027uttable723233ae\u0027)",
      "RequestMethod": "DELETE",
      "RequestHeaders": {
        "Accept": "application/json",
        "Accept-Encoding": "gzip, deflate",
        "Authorization": "Sanitized",
        "Content-Length": "0",
        "Date": "Wed, 29 Sep 2021 20:42:28 GMT",
        "User-Agent": "azsdk-python-data-tables/12.1.1 Python/3.8.5 (Windows-10-10.0.19041-SP0)",
        "x-ms-client-request-id": "c28b97a2-2165-11ec-a752-5cf370a43880",
        "x-ms-date": "Wed, 29 Sep 2021 20:42:28 GMT",
        "x-ms-version": "2019-02-02"
      },
      "RequestBody": null,
      "StatusCode": 204,
      "ResponseHeaders": {
        "Date": "Wed, 29 Sep 2021 20:42:28 GMT",
        "x-ms-request-id": "cf1ff740-b6f6-4b05-8839-554738a90bac"
      },
      "ResponseBody": null
    }
  ],
  "Variables": {}
}
