{
  "Entries": [
    {
      "RequestUri": "https://scbeddtablesprim.table.cosmos.azure.com/Tables",
      "RequestMethod": "POST",
      "RequestHeaders": {
        "Accept": "application/json;odata=minimalmetadata",
        "Accept-Encoding": "gzip, deflate",
        "Authorization": "Sanitized",
        "Content-Length": "32",
        "Content-Type": "application/json;odata=nometadata",
        "DataServiceVersion": "3.0",
        "Date": "Wed, 29 Sep 2021 20:42:24 GMT",
        "User-Agent": "azsdk-python-data-tables/12.1.1 Python/3.8.5 (Windows-10-10.0.19041-SP0)",
        "x-ms-client-request-id": "c0397c65-2165-11ec-a85e-5cf370a43880",
        "x-ms-date": "Wed, 29 Sep 2021 20:42:24 GMT",
        "x-ms-version": "2019-02-02"
      },
      "RequestBody": "{\u0022TableName\u0022: \u0022uttablef1e536c9\u0022}",
      "StatusCode": 201,
      "ResponseHeaders": {
        "Content-Type": "application/json; odata=minimalmetadata",
        "Date": "Wed, 29 Sep 2021 20:42:25 GMT",
        "ETag": "W/\u0022datetime\u00272021-09-29T20%3A42%3A25.3536264Z\u0027\u0022",
        "Location": "https://scbeddtablesprim.table.cosmos.azure.com/Tables(\u0027uttablef1e536c9\u0027)",
        "Transfer-Encoding": "chunked",
        "x-ms-request-id": "ace98561-f0ab-4411-9bd0-dd4d2e685ad8"
      },
      "ResponseBody": {
        "TableName": "uttablef1e536c9",
        "odata.metadata": "https://scbeddtablesprim.table.cosmos.azure.com/$metadata#Tables/@Element"
      }
    },
    {
      "RequestUri": "https://scbeddtablesprim.table.cosmos.azure.com/uttablef1e536c9",
      "RequestMethod": "POST",
      "RequestHeaders": {
        "Accept": "application/json;odata=minimalmetadata",
        "Accept-Encoding": "gzip, deflate",
        "Authorization": "Sanitized",
        "Content-Length": "112",
        "Content-Type": "application/json;odata=nometadata",
        "DataServiceVersion": "3.0",
        "Date": "Wed, 29 Sep 2021 20:42:25 GMT",
        "User-Agent": "azsdk-python-data-tables/12.1.1 Python/3.8.5 (Windows-10-10.0.19041-SP0)",
        "x-ms-client-request-id": "c0c661fc-2165-11ec-a007-5cf370a43880",
        "x-ms-date": "Wed, 29 Sep 2021 20:42:25 GMT",
        "x-ms-version": "2019-02-02"
      },
      "RequestBody": "{\u0022PartitionKey\u0022: \u0022pk\u0022, \u0022PartitionKey@odata.type\u0022: \u0022Edm.String\u0022, \u0022RowKey\u0022: \u0022\u0022, \u0022RowKey@odata.type\u0022: \u0022Edm.String\u0022}",
      "StatusCode": 400,
      "ResponseHeaders": {
        "Content-Type": "application/json; odata=fullmetadata",
        "Date": "Wed, 29 Sep 2021 20:42:25 GMT",
        "Transfer-Encoding": "chunked",
        "x-ms-request-id": "0694cbce-11b1-4d6b-8886-2866f84dc64c"
      },
      "ResponseBody": [
        "{\u0022odata.error\u0022:{\u0022code\u0022:\u0022PropertiesNeedValue\u0022,\u0022message\u0022:{\u0022lang\u0022:\u0022en-us\u0022,\u0022value\u0022:\u0022PartitionKey/RowKey cannot be empty\\r\\nActivityId: 0694cbce-11b1-4d6b-8886-2866f84dc64c, documentdb-dotnet-sdk/2.14.0 Host/64-bit MicrosoftWindowsNT/6.2.9200.0\\nRequestID:0694cbce-11b1-4d6b-8886-2866f84dc64c\\n\u0022}}}\r\n"
      ]
    },
    {
      "RequestUri": "https://scbeddtablesprim.table.cosmos.azure.com/Tables",
      "RequestMethod": "GET",
      "RequestHeaders": {
        "Accept": "application/json;odata=minimalmetadata",
        "Accept-Encoding": "gzip, deflate",
        "Authorization": "Sanitized",
        "DataServiceVersion": "3.0",
        "Date": "Wed, 29 Sep 2021 20:42:25 GMT",
        "User-Agent": "azsdk-python-data-tables/12.1.1 Python/3.8.5 (Windows-10-10.0.19041-SP0)",
        "x-ms-client-request-id": "c0c97af3-2165-11ec-ac19-5cf370a43880",
        "x-ms-date": "Wed, 29 Sep 2021 20:42:25 GMT",
        "x-ms-version": "2019-02-02"
      },
      "RequestBody": null,
      "StatusCode": 200,
      "ResponseHeaders": {
        "Content-Type": "application/json; odata=minimalmetadata",
        "Date": "Wed, 29 Sep 2021 20:42:25 GMT",
        "Transfer-Encoding": "chunked",
        "x-ms-request-id": "982fd68f-fd95-409a-8d63-ecd0d2843657"
      },
      "ResponseBody": {
        "value": [
          {
            "TableName": "uttablef1e536c9"
          }
        ],
        "odata.metadata": "https://scbeddtablesprim.table.cosmos.azure.com/$metadata#Tables"
      }
    },
    {
      "RequestUri": "https://scbeddtablesprim.table.cosmos.azure.com/Tables(\u0027uttablef1e536c9\u0027)",
      "RequestMethod": "DELETE",
      "RequestHeaders": {
        "Accept": "application/json",
        "Accept-Encoding": "gzip, deflate",
        "Authorization": "Sanitized",
        "Content-Length": "0",
        "Date": "Wed, 29 Sep 2021 20:42:25 GMT",
        "User-Agent": "azsdk-python-data-tables/12.1.1 Python/3.8.5 (Windows-10-10.0.19041-SP0)",
        "x-ms-client-request-id": "c0ccb50a-2165-11ec-b153-5cf370a43880",
        "x-ms-date": "Wed, 29 Sep 2021 20:42:25 GMT",
        "x-ms-version": "2019-02-02"
      },
      "RequestBody": null,
      "StatusCode": 204,
      "ResponseHeaders": {
        "Date": "Wed, 29 Sep 2021 20:42:25 GMT",
        "x-ms-request-id": "4da4e3d0-0698-4c5f-b799-bf4582f38115"
      },
      "ResponseBody": null
    }
  ],
  "Variables": {}
}
